Command line invocation:
    /Applications/Xcode_16.4.app/Contents/Developer/usr/bin/xcodebuild -project /Users/runner/work/AegisFlow/AegisFlow/AegisFlow.xcodeproj -scheme AegisFlow -configuration Debug -destination "platform=iOS Simulator,id=DC4CD8B3-4457-4153-9087-A0D7A2F9BFD9" -derivedDataPath /Users/runner/work/AegisFlow/AegisFlow/build/DerivedData SYMROOT=/Users/runner/work/AegisFlow/AegisFlow/build/DerivedData/Build/Products OBJROOT=/Users/runner/work/AegisFlow/AegisFlow/build/DerivedData/Build/Intermediates CODE_SIGNING_ALLOWED=NO CODE_SIGNING_REQUIRED=NO CODE_SIGN_IDENTITY= build

Build settings from command line:
    CODE_SIGN_IDENTITY = 
    CODE_SIGNING_ALLOWED = NO
    CODE_SIGNING_REQUIRED = NO
    OBJROOT = /Users/runner/work/AegisFlow/AegisFlow/build/DerivedData/Build/Intermediates
    SYMROOT = /Users/runner/work/AegisFlow/AegisFlow/build/DerivedData/Build/Products

note: Using codesigning identity override: 
ComputePackagePrebuildTargetDependencyGraph

CreateBuildRequest

SendProjectDescription

CreateBuildOperation

ComputeTargetDependencyGraph
note: Building targets in dependency order
note: Target dependency graph (1 target)
    Target 'AegisFlow' in project 'AegisFlow' (no dependencies)

GatherProvisioningInputs

CreateBuildDescription

ExecuteExternalTool /Applications/Xcode_16.4.app/Contents/Developer/usr/bin/actool --print-asset-tag-combinations --output-format xml1 /Users/runner/work/AegisFlow/AegisFlow/Modules/iOS_Profile/Assets.xcassets /Users/runner/work/AegisFlow/AegisFlow/Modules/DeskPet/AegisAssets.xcassets

ExecuteExternalTool /Applications/Xcode_16.4.app/Contents/Developer/Toolchains/XcodeDefault.xctoolchain/usr/bin/clang -v -E -dM -isysroot /Applications/Xcode_16.4.app/Contents/Developer/Platforms/iPhoneSimulator.platform/Developer/SDKs/iPhoneSimulator18.5.sdk -x c -c /dev/null

ExecuteExternalTool /Applications/Xcode_16.4.app/Contents/Developer/usr/bin/actool --version --output-format xml1

ExecuteExternalTool /Applications/Xcode_16.4.app/Contents/Developer/Toolchains/XcodeDefault.xctoolchain/usr/bin/swiftc --version

ExecuteExternalTool /Applications/Xcode_16.4.app/Contents/Developer/Toolchains/XcodeDefault.xctoolchain/usr/bin/ld -version_details

Build description signature: 14f8d217962b81108473ef416910a85b
Build description path: /Users/runner/work/AegisFlow/AegisFlow/build/DerivedData/Build/Intermediates/XCBuildData/14f8d217962b81108473ef416910a85b.xcbuilddata
ClangStatCache /Applications/Xcode_16.4.app/Contents/Developer/Toolchains/XcodeDefault.xctoolchain/usr/bin/clang-stat-cache /Applications/Xcode_16.4.app/Contents/Developer/Platforms/iPhoneSimulator.platform/Developer/SDKs/iPhoneSimulator18.5.sdk /Users/runner/work/AegisFlow/AegisFlow/build/DerivedData/SDKStatCaches.noindex/iphonesimulator18.5-22F76-96ae0914227b19deccb34b33ba7b5dea.sdkstatcache
    cd /Users/runner/work/AegisFlow/AegisFlow/AegisFlow.xcodeproj
    /Applications/Xcode_16.4.app/Contents/Developer/Toolchains/XcodeDefault.xctoolchain/usr/bin/clang-stat-cache /Applications/Xcode_16.4.app/Contents/Developer/Platforms/iPhoneSimulator.platform/Developer/SDKs/iPhoneSimulator18.5.sdk -o /Users/runner/work/AegisFlow/AegisFlow/build/DerivedData/SDKStatCaches.noindex/iphonesimulator18.5-22F76-96ae0914227b19deccb34b33ba7b5dea.sdkstatcache

CreateBuildDirectory /Users/runner/work/AegisFlow/AegisFlow/build/DerivedData/Build/Products
    cd /Users/runner/work/AegisFlow/AegisFlow/AegisFlow.xcodeproj
    builtin-create-build-directory /Users/runner/work/AegisFlow/AegisFlow/build/DerivedData/Build/Products

CreateBuildDirectory /Users/runner/work/AegisFlow/AegisFlow/build/DerivedData/Build/Intermediates
    cd /Users/runner/work/AegisFlow/AegisFlow/AegisFlow.xcodeproj
    builtin-create-build-directory /Users/runner/work/AegisFlow/AegisFlow/build/DerivedData/Build/Intermediates

CreateBuildDirectory /Users/runner/work/AegisFlow/AegisFlow/build/DerivedData/Build/Products/Debug-iphonesimulator
    cd /Users/runner/work/AegisFlow/AegisFlow/AegisFlow.xcodeproj
    builtin-create-build-directory /Users/runner/work/AegisFlow/AegisFlow/build/DerivedData/Build/Products/Debug-iphonesimulator

WriteAuxiliaryFile /Users/runner/work/AegisFlow/AegisFlow/build/DerivedData/Build/Intermediates/AegisFlow.build/Debug-iphonesimulator/AegisFlow-17efa7ca8a0ccc3c9c016866ea47b9ce-VFS-iphonesimulator/all-product-headers.yaml
    cd /Users/runner/work/AegisFlow/AegisFlow/AegisFlow.xcodeproj
    write-file /Users/runner/work/AegisFlow/AegisFlow/build/DerivedData/Build/Intermediates/AegisFlow.build/Debug-iphonesimulator/AegisFlow-17efa7ca8a0ccc3c9c016866ea47b9ce-VFS-iphonesimulator/all-product-headers.yaml

CreateBuildDirectory /Users/runner/work/AegisFlow/AegisFlow/build/DerivedData/Build/Intermediates/EagerLinkingTBDs/Debug-iphonesimulator
    cd /Users/runner/work/AegisFlow/AegisFlow/AegisFlow.xcodeproj
    builtin-create-build-directory /Users/runner/work/AegisFlow/AegisFlow/build/DerivedData/Build/Intermediates/EagerLinkingTBDs/Debug-iphonesimulator

WriteAuxiliaryFile /Users/runner/work/AegisFlow/AegisFlow/build/DerivedData/Build/Intermediates/AegisFlow.build/Debug-iphonesimulator/AegisFlow.build/Objects-normal/arm64/AegisFlow_const_extract_protocols.json (in target 'AegisFlow' from project 'AegisFlow')
    cd /Users/runner/work/AegisFlow/AegisFlow
    write-file /Users/runner/work/AegisFlow/AegisFlow/build/DerivedData/Build/Intermediates/AegisFlow.build/Debug-iphonesimulator/AegisFlow.build/Objects-normal/arm64/AegisFlow_const_extract_protocols.json

WriteAuxiliaryFile /Users/runner/work/AegisFlow/AegisFlow/build/DerivedData/Build/Intermediates/AegisFlow.build/Debug-iphonesimulator/AegisFlow.build/Objects-normal/arm64/AegisFlow.SwiftFileList (in target 'AegisFlow' from project 'AegisFlow')
    cd /Users/runner/work/AegisFlow/AegisFlow
    write-file /Users/runner/work/AegisFlow/AegisFlow/build/DerivedData/Build/Intermediates/AegisFlow.build/Debug-iphonesimulator/AegisFlow.build/Objects-normal/arm64/AegisFlow.SwiftFileList

WriteAuxiliaryFile /Users/runner/work/AegisFlow/AegisFlow/build/DerivedData/Build/Intermediates/AegisFlow.build/Debug-iphonesimulator/AegisFlow.build/Objects-normal/arm64/AegisFlow.SwiftConstValuesFileList (in target 'AegisFlow' from project 'AegisFlow')
    cd /Users/runner/work/AegisFlow/AegisFlow
    write-file /Users/runner/work/AegisFlow/AegisFlow/build/DerivedData/Build/Intermediates/AegisFlow.build/Debug-iphonesimulator/AegisFlow.build/Objects-normal/arm64/AegisFlow.SwiftConstValuesFileList

WriteAuxiliaryFile /Users/runner/work/AegisFlow/AegisFlow/build/DerivedData/Build/Intermediates/AegisFlow.build/Debug-iphonesimulator/AegisFlow.build/Objects-normal/arm64/AegisFlow.LinkFileList (in target 'AegisFlow' from project 'AegisFlow')
    cd /Users/runner/work/AegisFlow/AegisFlow
    write-file /Users/runner/work/AegisFlow/AegisFlow/build/DerivedData/Build/Intermediates/AegisFlow.build/Debug-iphonesimulator/AegisFlow.build/Objects-normal/arm64/AegisFlow.LinkFileList

WriteAuxiliaryFile /Users/runner/work/AegisFlow/AegisFlow/build/DerivedData/Build/Intermediates/AegisFlow.build/Debug-iphonesimulator/AegisFlow.build/Objects-normal/arm64/AegisFlow-OutputFileMap.json (in target 'AegisFlow' from project 'AegisFlow')
    cd /Users/runner/work/AegisFlow/AegisFlow
    write-file /Users/runner/work/AegisFlow/AegisFlow/build/DerivedData/Build/Intermediates/AegisFlow.build/Debug-iphonesimulator/AegisFlow.build/Objects-normal/arm64/AegisFlow-OutputFileMap.json

WriteAuxiliaryFile /Users/runner/work/AegisFlow/AegisFlow/build/DerivedData/Build/Intermediates/AegisFlow.build/Debug-iphonesimulator/AegisFlow.build/AegisFlow.hmap (in target 'AegisFlow' from project 'AegisFlow')
    cd /Users/runner/work/AegisFlow/AegisFlow
    write-file /Users/runner/work/AegisFlow/AegisFlow/build/DerivedData/Build/Intermediates/AegisFlow.build/Debug-iphonesimulator/AegisFlow.build/AegisFlow.hmap

WriteAuxiliaryFile /Users/runner/work/AegisFlow/AegisFlow/build/DerivedData/Build/Intermediates/AegisFlow.build/Debug-iphonesimulator/AegisFlow.build/AegisFlow.DependencyStaticMetadataFileList (in target 'AegisFlow' from project 'AegisFlow')
    cd /Users/runner/work/AegisFlow/AegisFlow
    write-file /Users/runner/work/AegisFlow/AegisFlow/build/DerivedData/Build/Intermediates/AegisFlow.build/Debug-iphonesimulator/AegisFlow.build/AegisFlow.DependencyStaticMetadataFileList

WriteAuxiliaryFile /Users/runner/work/AegisFlow/AegisFlow/build/DerivedData/Build/Intermediates/AegisFlow.build/Debug-iphonesimulator/AegisFlow.build/AegisFlow.DependencyMetadataFileList (in target 'AegisFlow' from project 'AegisFlow')
    cd /Users/runner/work/AegisFlow/AegisFlow
    write-file /Users/runner/work/AegisFlow/AegisFlow/build/DerivedData/Build/Intermediates/AegisFlow.build/Debug-iphonesimulator/AegisFlow.build/AegisFlow.DependencyMetadataFileList

WriteAuxiliaryFile /Users/runner/work/AegisFlow/AegisFlow/build/DerivedData/Build/Intermediates/AegisFlow.build/Debug-iphonesimulator/AegisFlow.build/AegisFlow-project-headers.hmap (in target 'AegisFlow' from project 'AegisFlow')
    cd /Users/runner/work/AegisFlow/AegisFlow
    write-file /Users/runner/work/AegisFlow/AegisFlow/build/DerivedData/Build/Intermediates/AegisFlow.build/Debug-iphonesimulator/AegisFlow.build/AegisFlow-project-headers.hmap

WriteAuxiliaryFile /Users/runner/work/AegisFlow/AegisFlow/build/DerivedData/Build/Intermediates/AegisFlow.build/Debug-iphonesimulator/AegisFlow.build/AegisFlow-own-target-headers.hmap (in target 'AegisFlow' from project 'AegisFlow')
    cd /Users/runner/work/AegisFlow/AegisFlow
    write-file /Users/runner/work/AegisFlow/AegisFlow/build/DerivedData/Build/Intermediates/AegisFlow.build/Debug-iphonesimulator/AegisFlow.build/AegisFlow-own-target-headers.hmap

WriteAuxiliaryFile /Users/runner/work/AegisFlow/AegisFlow/build/DerivedData/Build/Intermediates/AegisFlow.build/Debug-iphonesimulator/AegisFlow.build/AegisFlow-generated-files.hmap (in target 'AegisFlow' from project 'AegisFlow')
    cd /Users/runner/work/AegisFlow/AegisFlow
    write-file /Users/runner/work/AegisFlow/AegisFlow/build/DerivedData/Build/Intermediates/AegisFlow.build/Debug-iphonesimulator/AegisFlow.build/AegisFlow-generated-files.hmap

WriteAuxiliaryFile /Users/runner/work/AegisFlow/AegisFlow/build/DerivedData/Build/Intermediates/AegisFlow.build/Debug-iphonesimulator/AegisFlow.build/AegisFlow-all-target-headers.hmap (in target 'AegisFlow' from project 'AegisFlow')
    cd /Users/runner/work/AegisFlow/AegisFlow
    write-file /Users/runner/work/AegisFlow/AegisFlow/build/DerivedData/Build/Intermediates/AegisFlow.build/Debug-iphonesimulator/AegisFlow.build/AegisFlow-all-target-headers.hmap

WriteAuxiliaryFile /Users/runner/work/AegisFlow/AegisFlow/build/DerivedData/Build/Intermediates/AegisFlow.build/Debug-iphonesimulator/AegisFlow.build/AegisFlow-all-non-framework-target-headers.hmap (in target 'AegisFlow' from project 'AegisFlow')
    cd /Users/runner/work/AegisFlow/AegisFlow
    write-file /Users/runner/work/AegisFlow/AegisFlow/build/DerivedData/Build/Intermediates/AegisFlow.build/Debug-iphonesimulator/AegisFlow.build/AegisFlow-all-non-framework-target-headers.hmap

WriteAuxiliaryFile /Users/runner/work/AegisFlow/AegisFlow/build/DerivedData/Build/Intermediates/AegisFlow.build/Debug-iphonesimulator/AegisFlow.build/AegisFlow-DebugDylibPath-normal-arm64.txt (in target 'AegisFlow' from project 'AegisFlow')
    cd /Users/runner/work/AegisFlow/AegisFlow
    write-file /Users/runner/work/AegisFlow/AegisFlow/build/DerivedData/Build/Intermediates/AegisFlow.build/Debug-iphonesimulator/AegisFlow.build/AegisFlow-DebugDylibPath-normal-arm64.txt

WriteAuxiliaryFile /Users/runner/work/AegisFlow/AegisFlow/build/DerivedData/Build/Intermediates/AegisFlow.build/Debug-iphonesimulator/AegisFlow.build/AegisFlow-DebugDylibInstallName-normal-arm64.txt (in target 'AegisFlow' from project 'AegisFlow')
    cd /Users/runner/work/AegisFlow/AegisFlow
    write-file /Users/runner/work/AegisFlow/AegisFlow/build/DerivedData/Build/Intermediates/AegisFlow.build/Debug-iphonesimulator/AegisFlow.build/AegisFlow-DebugDylibInstallName-normal-arm64.txt

MkDir /Users/runner/work/AegisFlow/AegisFlow/build/DerivedData/Build/Products/Debug-iphonesimulator/AegisFlow.app (in target 'AegisFlow' from project 'AegisFlow')
    cd /Users/runner/work/AegisFlow/AegisFlow
    /bin/mkdir -p /Users/runner/work/AegisFlow/AegisFlow/build/DerivedData/Build/Products/Debug-iphonesimulator/AegisFlow.app

Ld /Users/runner/work/AegisFlow/AegisFlow/build/DerivedData/Build/Products/Debug-iphonesimulator/AegisFlow.app/__preview.dylib normal (in target 'AegisFlow' from project 'AegisFlow')
    cd /Users/runner/work/AegisFlow/AegisFlow
    /Applications/Xcode_16.4.app/Contents/Developer/Toolchains/XcodeDefault.xctoolchain/usr/bin/clang -Xlinker -reproducible -target arm64-apple-ios17.0-simulator -dynamiclib -isysroot /Applications/Xcode_16.4.app/Contents/Developer/Platforms/iPhoneSimulator.platform/Developer/SDKs/iPhoneSimulator18.5.sdk -O0 -L/Users/runner/work/AegisFlow/AegisFlow/build/DerivedData/Build/Products/Debug-iphonesimulator -F/Users/runner/work/AegisFlow/AegisFlow/build/DerivedData/Build/Products/Debug-iphonesimulator -install_name @rpath/AegisFlow.debug.dylib -dead_strip -rdynamic -Xlinker -no_deduplicate -Xlinker -objc_abi_version -Xlinker 2 -Xlinker -dependency_info -Xlinker /Users/runner/work/AegisFlow/AegisFlow/build/DerivedData/Build/Intermediates/AegisFlow.build/Debug-iphonesimulator/AegisFlow.build/Objects-normal/arm64/AegisFlow_dependency_info.dat -o /Users/runner/work/AegisFlow/AegisFlow/build/DerivedData/Build/Products/Debug-iphonesimulator/AegisFlow.app/__preview.dylib

MkDir /Users/runner/work/AegisFlow/AegisFlow/build/DerivedData/Build/Intermediates/AegisFlow.build/Debug-iphonesimulator/AegisFlow.build/assetcatalog_output/unthinned (in target 'AegisFlow' from project 'AegisFlow')
    cd /Users/runner/work/AegisFlow/AegisFlow
    /bin/mkdir -p /Users/runner/work/AegisFlow/AegisFlow/build/DerivedData/Build/Intermediates/AegisFlow.build/Debug-iphonesimulator/AegisFlow.build/assetcatalog_output/unthinned

MkDir /Users/runner/work/AegisFlow/AegisFlow/build/DerivedData/Build/Intermediates/AegisFlow.build/Debug-iphonesimulator/AegisFlow.build/assetcatalog_output/thinned (in target 'AegisFlow' from project 'AegisFlow')
    cd /Users/runner/work/AegisFlow/AegisFlow
    /bin/mkdir -p /Users/runner/work/AegisFlow/AegisFlow/build/DerivedData/Build/Intermediates/AegisFlow.build/Debug-iphonesimulator/AegisFlow.build/assetcatalog_output/thinned

GenerateAssetSymbols /Users/runner/work/AegisFlow/AegisFlow/Modules/iOS_Profile/Assets.xcassets /Users/runner/work/AegisFlow/AegisFlow/Modules/DeskPet/AegisAssets.xcassets (in target 'AegisFlow' from project 'AegisFlow')
    cd /Users/runner/work/AegisFlow/AegisFlow
    /Applications/Xcode_16.4.app/Contents/Developer/usr/bin/actool /Users/runner/work/AegisFlow/AegisFlow/Modules/iOS_Profile/Assets.xcassets /Users/runner/work/AegisFlow/AegisFlow/Modules/DeskPet/AegisAssets.xcassets --compile /Users/runner/work/AegisFlow/AegisFlow/build/DerivedData/Build/Products/Debug-iphonesimulator/AegisFlow.app --output-format human-readable-text --notices --warnings --export-dependency-info /Users/runner/work/AegisFlow/AegisFlow/build/DerivedData/Build/Intermediates/AegisFlow.build/Debug-iphonesimulator/AegisFlow.build/assetcatalog_dependencies --output-partial-info-plist /Users/runner/work/AegisFlow/AegisFlow/build/DerivedData/Build/Intermediates/AegisFlow.build/Debug-iphonesimulator/AegisFlow.build/assetcatalog_generated_info.plist --app-icon AppIcon --accent-color AccentColor --compress-pngs --enable-on-demand-resources YES --development-region en --target-device iphone --target-device ipad --minimum-deployment-target 17.0 --platform iphonesimulator --bundle-identifier com.test.iOS-profile --generate-swift-asset-symbols /Users/runner/work/AegisFlow/AegisFlow/build/DerivedData/Build/Intermediates/AegisFlow.build/Debug-iphonesimulator/AegisFlow.build/DerivedSources/GeneratedAssetSymbols.swift --generate-objc-asset-symbols /Users/runner/work/AegisFlow/AegisFlow/build/DerivedData/Build/Intermediates/AegisFlow.build/Debug-iphonesimulator/AegisFlow.build/DerivedSources/GeneratedAssetSymbols.h --generate-asset-symbol-index /Users/runner/work/AegisFlow/AegisFlow/build/DerivedData/Build/Intermediates/AegisFlow.build/Debug-iphonesimulator/AegisFlow.build/DerivedSources/GeneratedAssetSymbols-Index.plist
/* com.apple.actool.compilation-results */
/Users/runner/work/AegisFlow/AegisFlow/build/DerivedData/Build/Intermediates/AegisFlow.build/Debug-iphonesimulator/AegisFlow.build/DerivedSources/GeneratedAssetSymbols-Index.plist
/Users/runner/work/AegisFlow/AegisFlow/build/DerivedData/Build/Intermediates/AegisFlow.build/Debug-iphonesimulator/AegisFlow.build/DerivedSources/GeneratedAssetSymbols.h
/Users/runner/work/AegisFlow/AegisFlow/build/DerivedData/Build/Intermediates/AegisFlow.build/Debug-iphonesimulator/AegisFlow.build/DerivedSources/GeneratedAssetSymbols.swift


CpResource /Users/runner/work/AegisFlow/AegisFlow/build/DerivedData/Build/Products/Debug-iphonesimulator/AegisFlow.app/Twin3D_SPEC.md /Users/runner/work/AegisFlow/AegisFlow/Modules/Avatar/Twin3D_SPEC.md (in target 'AegisFlow' from project 'AegisFlow')
    cd /Users/runner/work/AegisFlow/AegisFlow
    builtin-copy -exclude .DS_Store -exclude CVS -exclude .svn -exclude .git -exclude .hg -resolve-src-symlinks /Users/runner/work/AegisFlow/AegisFlow/Modules/Avatar/Twin3D_SPEC.md /Users/runner/work/AegisFlow/AegisFlow/build/DerivedData/Build/Products/Debug-iphonesimulator/AegisFlow.app

CompileAssetCatalogVariant thinned /Users/runner/work/AegisFlow/AegisFlow/build/DerivedData/Build/Products/Debug-iphonesimulator/AegisFlow.app /Users/runner/work/AegisFlow/AegisFlow/Modules/iOS_Profile/Assets.xcassets /Users/runner/work/AegisFlow/AegisFlow/Modules/DeskPet/AegisAssets.xcassets (in target 'AegisFlow' from project 'AegisFlow')
    cd /Users/runner/work/AegisFlow/AegisFlow
    /Applications/Xcode_16.4.app/Contents/Developer/usr/bin/actool /Users/runner/work/AegisFlow/AegisFlow/Modules/iOS_Profile/Assets.xcassets /Users/runner/work/AegisFlow/AegisFlow/Modules/DeskPet/AegisAssets.xcassets --compile /Users/runner/work/AegisFlow/AegisFlow/build/DerivedData/Build/Intermediates/AegisFlow.build/Debug-iphonesimulator/AegisFlow.build/assetcatalog_output/thinned --output-format human-readable-text --notices --warnings --export-dependency-info /Users/runner/work/AegisFlow/AegisFlow/build/DerivedData/Build/Intermediates/AegisFlow.build/Debug-iphonesimulator/AegisFlow.build/assetcatalog_dependencies_thinned --output-partial-info-plist /Users/runner/work/AegisFlow/AegisFlow/build/DerivedData/Build/Intermediates/AegisFlow.build/Debug-iphonesimulator/AegisFlow.build/assetcatalog_generated_info.plist_thinned --app-icon AppIcon --accent-color AccentColor --compress-pngs --enable-on-demand-resources YES --filter-for-thinning-device-configuration iPhone17,1 --filter-for-device-os-version 18.5 --development-region en --target-device iphone --target-device ipad --minimum-deployment-target 17.0 --platform iphonesimulator
/* com.apple.actool.compilation-results */
/Users/runner/work/AegisFlow/AegisFlow/build/DerivedData/Build/Intermediates/AegisFlow.build/Debug-iphonesimulator/AegisFlow.build/assetcatalog_generated_info.plist_thinned
/Users/runner/work/AegisFlow/AegisFlow/build/DerivedData/Build/Intermediates/AegisFlow.build/Debug-iphonesimulator/AegisFlow.build/assetcatalog_output/thinned/AppIcon60x60@2x.png
/Users/runner/work/AegisFlow/AegisFlow/build/DerivedData/Build/Intermediates/AegisFlow.build/Debug-iphonesimulator/AegisFlow.build/assetcatalog_output/thinned/AppIcon76x76@2x~ipad.png
/Users/runner/work/AegisFlow/AegisFlow/build/DerivedData/Build/Intermediates/AegisFlow.build/Debug-iphonesimulator/AegisFlow.build/assetcatalog_output/thinned/Assets.car


SwiftDriver AegisFlow normal arm64 com.apple.xcode.tools.swift.compiler (in target 'AegisFlow' from project 'AegisFlow')
    cd /Users/runner/work/AegisFlow/AegisFlow
    builtin-SwiftDriver -- /Applications/Xcode_16.4.app/Contents/Developer/Toolchains/XcodeDefault.xctoolchain/usr/bin/swiftc -module-name AegisFlow -Onone -enforce-exclusivity\=checked @/Users/runner/work/AegisFlow/AegisFlow/build/DerivedData/Build/Intermediates/AegisFlow.build/Debug-iphonesimulator/AegisFlow.build/Objects-normal/arm64/AegisFlow.SwiftFileList -DDEBUG -enable-bare-slash-regex -enable-upcoming-feature MemberImportVisibility -enable-experimental-feature DebugDescriptionMacro -sdk /Applications/Xcode_16.4.app/Contents/Developer/Platforms/iPhoneSimulator.platform/Developer/SDKs/iPhoneSimulator18.5.sdk -target arm64-apple-ios17.0-simulator -g -module-cache-path /Users/runner/work/AegisFlow/AegisFlow/build/DerivedData/ModuleCache.noindex -Xfrontend -serialize-debugging-options -enable-testing -index-store-path /Users/runner/work/AegisFlow/AegisFlow/build/DerivedData/Index.noindex/DataStore -swift-version 5 -I /Users/runner/work/AegisFlow/AegisFlow/build/DerivedData/Build/Products/Debug-iphonesimulator -F /Users/runner/work/AegisFlow/AegisFlow/build/DerivedData/Build/Products/Debug-iphonesimulator -emit-localized-strings -emit-localized-strings-path /Users/runner/work/AegisFlow/AegisFlow/build/DerivedData/Build/Intermediates/AegisFlow.build/Debug-iphonesimulator/AegisFlow.build/Objects-normal/arm64 -c -j3 -enable-batch-mode -incremental -Xcc -ivfsstatcache -Xcc /Users/runner/work/AegisFlow/AegisFlow/build/DerivedData/SDKStatCaches.noindex/iphonesimulator18.5-22F76-96ae0914227b19deccb34b33ba7b5dea.sdkstatcache -output-file-map /Users/runner/work/AegisFlow/AegisFlow/build/DerivedData/Build/Intermediates/AegisFlow.build/Debug-iphonesimulator/AegisFlow.build/Objects-normal/arm64/AegisFlow-OutputFileMap.json -use-frontend-parseable-output -save-temps -no-color-diagnostics -serialize-diagnostics -emit-dependencies -emit-module -emit-module-path /Users/runner/work/AegisFlow/AegisFlow/build/DerivedData/Build/Intermediates/AegisFlow.build/Debug-iphonesimulator/AegisFlow.build/Objects-normal/arm64/AegisFlow.swiftmodule -validate-clang-modules-once -clang-build-session-file /Users/runner/work/AegisFlow/AegisFlow/build/DerivedData/ModuleCache.noindex/Session.modulevalidation -Xcc -I/Users/runner/work/AegisFlow/AegisFlow/build/DerivedData/Build/Intermediates/AegisFlow.build/Debug-iphonesimulator/AegisFlow.build/swift-overrides.hmap -emit-const-values -Xfrontend -const-gather-protocols-file -Xfrontend /Users/runner/work/AegisFlow/AegisFlow/build/DerivedData/Build/Intermediates/AegisFlow.build/Debug-iphonesimulator/AegisFlow.build/Objects-normal/arm64/AegisFlow_const_extract_protocols.json -Xcc -iquote -Xcc /Users/runner/work/AegisFlow/AegisFlow/build/DerivedData/Build/Intermediates/AegisFlow.build/Debug-iphonesimulator/AegisFlow.build/AegisFlow-generated-files.hmap -Xcc -I/Users/runner/work/AegisFlow/AegisFlow/build/DerivedData/Build/Intermediates/AegisFlow.build/Debug-iphonesimulator/AegisFlow.build/AegisFlow-own-target-headers.hmap -Xcc -I/Users/runner/work/AegisFlow/AegisFlow/build/DerivedData/Build/Intermediates/AegisFlow.build/Debug-iphonesimulator/AegisFlow.build/AegisFlow-all-target-headers.hmap -Xcc -iquote -Xcc /Users/runner/work/AegisFlow/AegisFlow/build/DerivedData/Build/Intermediates/AegisFlow.build/Debug-iphonesimulator/AegisFlow.build/AegisFlow-project-headers.hmap -Xcc -I/Users/runner/work/AegisFlow/AegisFlow/build/DerivedData/Build/Products/Debug-iphonesimulator/include -Xcc -I/Users/runner/work/AegisFlow/AegisFlow/build/DerivedData/Build/Intermediates/AegisFlow.build/Debug-iphonesimulator/AegisFlow.build/DerivedSources-normal/arm64 -Xcc -I/Users/runner/work/AegisFlow/AegisFlow/build/DerivedData/Build/Intermediates/AegisFlow.build/Debug-iphonesimulator/AegisFlow.build/DerivedSources/arm64 -Xcc -I/Users/runner/work/AegisFlow/AegisFlow/build/DerivedData/Build/Intermediates/AegisFlow.build/Debug-iphonesimulator/AegisFlow.build/DerivedSources -Xcc -DDEBUG\=1 -emit-objc-header -emit-objc-header-path /Users/runner/work/AegisFlow/AegisFlow/build/DerivedData/Build/Intermediates/AegisFlow.build/Debug-iphonesimulator/AegisFlow.build/Objects-normal/arm64/AegisFlow-Swift.h -working-directory /Users/runner/work/AegisFlow/AegisFlow -experimental-emit-module-separately -disable-cmo

SwiftEmitModule normal arm64 Emitting\ module\ for\ AegisFlow (in target 'AegisFlow' from project 'AegisFlow')
EmitSwiftModule normal arm64 (in target 'AegisFlow' from project 'AegisFlow')
    cd /Users/runner/work/AegisFlow/AegisFlow
    

SwiftCompile normal arm64 Compiling\ DashboardV2Sections.swift,\ NotificationCenterView.swift,\ AxtivityComposition.swift,\ HealthGoals.swift,\ AdvancedFitnessPopupContainerView.swift,\ ReminderSettingsView.swift,\ NotificationService.swift,\ HealthDataService.swift,\ APIClient.swift,\ StorageManager.swift,\ FoodAnalysisView.swift,\ UIImage+AegisTrim.swift,\ Content.swift,\ LogModels.swift,\ GeneratedPageView.swift,\ Privacy.swift,\ DashboardView.swift,\ PlanViewModel.swift,\ SplashScreen.swift /Users/runner/work/AegisFlow/AegisFlow/Modules/Dashboard/Components/DashboardV2Sections.swift /Users/runner/work/AegisFlow/AegisFlow/Modules/Dashboard/NotificationCenterView.swift /Users/runner/work/AegisFlow/AegisFlow/Modules/iOS_Data/AxtivityComposition.swift /Users/runner/work/AegisFlow/AegisFlow/Modules/iOS_Profile/HealthGoals.swift /Users/runner/work/AegisFlow/AegisFlow/Modules/Plan/AdvancedFitnessPopupContainerView.swift /Users/runner/work/AegisFlow/AegisFlow/Modules/Profile/ReminderSettingsView.swift /Users/runner/work/AegisFlow/AegisFlow/Services/NotificationService.swift /Users/runner/work/AegisFlow/AegisFlow/Services/HealthDataService.swift /Users/runner/work/AegisFlow/AegisFlow/Services/APIClient.swift /Users/runner/work/AegisFlow/AegisFlow/Services/StorageManager.swift /Users/runner/work/AegisFlow/AegisFlow/Modules/Dashboard/FoodAnalysisView.swift /Users/runner/work/AegisFlow/AegisFlow/Modules/DeskPet/UIImage+AegisTrim.swift /Users/runner/work/AegisFlow/AegisFlow/Modules/iOS_Profile/Content.swift /Users/runner/work/AegisFlow/AegisFlow/Modules/Profile/LogModels.swift /Users/runner/work/AegisFlow/AegisFlow/Modules/Chat/GeneratedPageView.swift /Users/runner/work/AegisFlow/AegisFlow/Modules/iOS_Profile/Privacy.swift /Users/runner/work/AegisFlow/AegisFlow/Modules/Dashboard/DashboardView.swift /Users/runner/work/AegisFlow/AegisFlow/Modules/Plan/PlanViewModel.swift /Users/runner/work/AegisFlow/AegisFlow/Modules/Splash/SplashScreen.swift (in target 'AegisFlow' from project 'AegisFlow')
SwiftCompile normal arm64 /Users/runner/work/AegisFlow/AegisFlow/Modules/Dashboard/Components/DashboardV2Sections.swift (in target 'AegisFlow' from project 'AegisFlow')
    cd /Users/runner/work/AegisFlow/AegisFlow
    

SwiftCompile normal arm64 /Users/runner/work/AegisFlow/AegisFlow/Modules/Dashboard/NotificationCenterView.swift (in target 'AegisFlow' from project 'AegisFlow')
    cd /Users/runner/work/AegisFlow/AegisFlow
    

SwiftCompile normal arm64 /Users/runner/work/AegisFlow/AegisFlow/Modules/iOS_Data/AxtivityComposition.swift (in target 'AegisFlow' from project 'AegisFlow')
    cd /Users/runner/work/AegisFlow/AegisFlow
    

SwiftCompile normal arm64 /Users/runner/work/AegisFlow/AegisFlow/Modules/iOS_Profile/HealthGoals.swift (in target 'AegisFlow' from project 'AegisFlow')
    cd /Users/runner/work/AegisFlow/AegisFlow
    

SwiftCompile normal arm64 /Users/runner/work/AegisFlow/AegisFlow/Modules/Plan/AdvancedFitnessPopupContainerView.swift (in target 'AegisFlow' from project 'AegisFlow')
    cd /Users/runner/work/AegisFlow/AegisFlow
    

SwiftCompile normal arm64 /Users/runner/work/AegisFlow/AegisFlow/Modules/Profile/ReminderSettingsView.swift (in target 'AegisFlow' from project 'AegisFlow')
    cd /Users/runner/work/AegisFlow/AegisFlow
    

SwiftCompile normal arm64 /Users/runner/work/AegisFlow/AegisFlow/Services/NotificationService.swift (in target 'AegisFlow' from project 'AegisFlow')
    cd /Users/runner/work/AegisFlow/AegisFlow
    

SwiftCompile normal arm64 /Users/runner/work/AegisFlow/AegisFlow/Services/HealthDataService.swift (in target 'AegisFlow' from project 'AegisFlow')
    cd /Users/runner/work/AegisFlow/AegisFlow
    

SwiftCompile normal arm64 /Users/runner/work/AegisFlow/AegisFlow/Services/APIClient.swift (in target 'AegisFlow' from project 'AegisFlow')
    cd /Users/runner/work/AegisFlow/AegisFlow
    

SwiftCompile normal arm64 /Users/runner/work/AegisFlow/AegisFlow/Services/StorageManager.swift (in target 'AegisFlow' from project 'AegisFlow')
    cd /Users/runner/work/AegisFlow/AegisFlow
    

SwiftCompile normal arm64 /Users/runner/work/AegisFlow/AegisFlow/Modules/Dashboard/FoodAnalysisView.swift (in target 'AegisFlow' from project 'AegisFlow')
    cd /Users/runner/work/AegisFlow/AegisFlow
    

SwiftCompile normal arm64 /Users/runner/work/AegisFlow/AegisFlow/Modules/DeskPet/UIImage+AegisTrim.swift (in target 'AegisFlow' from project 'AegisFlow')
    cd /Users/runner/work/AegisFlow/AegisFlow
    

SwiftCompile normal arm64 /Users/runner/work/AegisFlow/AegisFlow/Modules/iOS_Profile/Content.swift (in target 'AegisFlow' from project 'AegisFlow')
    cd /Users/runner/work/AegisFlow/AegisFlow
    

SwiftCompile normal arm64 /Users/runner/work/AegisFlow/AegisFlow/Modules/Profile/LogModels.swift (in target 'AegisFlow' from project 'AegisFlow')
    cd /Users/runner/work/AegisFlow/AegisFlow
    

SwiftCompile normal arm64 /Users/runner/work/AegisFlow/AegisFlow/Modules/Chat/GeneratedPageView.swift (in target 'AegisFlow' from project 'AegisFlow')
    cd /Users/runner/work/AegisFlow/AegisFlow
    

SwiftCompile normal arm64 /Users/runner/work/AegisFlow/AegisFlow/Modules/iOS_Profile/Privacy.swift (in target 'AegisFlow' from project 'AegisFlow')
    cd /Users/runner/work/AegisFlow/AegisFlow
    

SwiftCompile normal arm64 /Users/runner/work/AegisFlow/AegisFlow/Modules/Dashboard/DashboardView.swift (in target 'AegisFlow' from project 'AegisFlow')
    cd /Users/runner/work/AegisFlow/AegisFlow
    

SwiftCompile normal arm64 /Users/runner/work/AegisFlow/AegisFlow/Modules/Plan/PlanViewModel.swift (in target 'AegisFlow' from project 'AegisFlow')
    cd /Users/runner/work/AegisFlow/AegisFlow
    

SwiftCompile normal arm64 /Users/runner/work/AegisFlow/AegisFlow/Modules/Splash/SplashScreen.swift (in target 'AegisFlow' from project 'AegisFlow')
    cd /Users/runner/work/AegisFlow/AegisFlow
    

SwiftCompile normal arm64 Compiling\ DashboardViewModel.swift,\ StatisticsScreen.swift,\ IndicatorRow.swift,\ AvatarViewerView.swift,\ Level.swift,\ HealthCardView.swift,\ SettingsViews.swift,\ KnowledgeGraphView.swift,\ Analysis.swift,\ EditProfileModal.swift,\ AuthViews.swift,\ RecordTypePickerSheet.swift,\ DashboardV2TopBar.swift,\ ProfileViewModel.swift,\ DeskPetFloatingOverlay.swift,\ Twin3DView.swift,\ BluetoothSearchModal.swift,\ Rewards.swift,\ GamificationViews.swift /Users/runner/work/AegisFlow/AegisFlow/Modules/Dashboard/DashboardViewModel.swift /Users/runner/work/AegisFlow/AegisFlow/Modules/Dashboard/StatisticsScreen.swift /Users/runner/work/AegisFlow/AegisFlow/Modules/iOS_Data/IndicatorRow.swift /Users/runner/work/AegisFlow/AegisFlow/Modules/Avatar/AvatarViewerView.swift /Users/runner/work/AegisFlow/AegisFlow/Modules/iOS_Profile/Level.swift /Users/runner/work/AegisFlow/AegisFlow/Modules/Plan/HealthCardView.swift /Users/runner/work/AegisFlow/AegisFlow/Modules/Profile/SettingsViews.swift /Users/runner/work/AegisFlow/AegisFlow/Modules/Dashboard/KnowledgeGraphView.swift /Users/runner/work/AegisFlow/AegisFlow/Modules/iOS_Data/Analysis.swift /Users/runner/work/AegisFlow/AegisFlow/Modules/iOS_Profile/EditProfileModal.swift /Users/runner/work/AegisFlow/AegisFlow/Modules/Auth/AuthViews.swift /Users/runner/work/AegisFlow/AegisFlow/Modules/Dashboard/Components/RecordTypePickerSheet.swift /Users/runner/work/AegisFlow/AegisFlow/Modules/Dashboard/Components/DashboardV2TopBar.swift /Users/runner/work/AegisFlow/AegisFlow/Modules/Profile/ProfileViewModel.swift /Users/runner/work/AegisFlow/AegisFlow/Modules/DeskPet/DeskPetFloatingOverlay.swift /Users/runner/work/AegisFlow/AegisFlow/Modules/Avatar/Twin3DView.swift /Users/runner/work/AegisFlow/AegisFlow/Modules/iOS_Profile/BluetoothSearchModal.swift /Users/runner/work/AegisFlow/AegisFlow/Modules/iOS_Profile/Rewards.swift /Users/runner/work/AegisFlow/AegisFlow/Modules/Profile/GamificationViews.swift (in target 'AegisFlow' from project 'AegisFlow')
SwiftCompile normal arm64 /Users/runner/work/AegisFlow/AegisFlow/Modules/Dashboard/DashboardViewModel.swift (in target 'AegisFlow' from project 'AegisFlow')
    cd /Users/runner/work/AegisFlow/AegisFlow
    

SwiftCompile normal arm64 /Users/runner/work/AegisFlow/AegisFlow/Modules/Dashboard/StatisticsScreen.swift (in target 'AegisFlow' from project 'AegisFlow')
    cd /Users/runner/work/AegisFlow/AegisFlow
    

SwiftCompile normal arm64 /Users/runner/work/AegisFlow/AegisFlow/Modules/iOS_Data/IndicatorRow.swift (in target 'AegisFlow' from project 'AegisFlow')
    cd /Users/runner/work/AegisFlow/AegisFlow
    

SwiftCompile normal arm64 /Users/runner/work/AegisFlow/AegisFlow/Modules/Avatar/AvatarViewerView.swift (in target 'AegisFlow' from project 'AegisFlow')
    cd /Users/runner/work/AegisFlow/AegisFlow
    

SwiftCompile normal arm64 /Users/runner/work/AegisFlow/AegisFlow/Modules/iOS_Profile/Level.swift (in target 'AegisFlow' from project 'AegisFlow')
    cd /Users/runner/work/AegisFlow/AegisFlow
    

SwiftCompile normal arm64 /Users/runner/work/AegisFlow/AegisFlow/Modules/Plan/HealthCardView.swift (in target 'AegisFlow' from project 'AegisFlow')
    cd /Users/runner/work/AegisFlow/AegisFlow
    

SwiftCompile normal arm64 /Users/runner/work/AegisFlow/AegisFlow/Modules/Profile/SettingsViews.swift (in target 'AegisFlow' from project 'AegisFlow')
    cd /Users/runner/work/AegisFlow/AegisFlow
    

SwiftCompile normal arm64 /Users/runner/work/AegisFlow/AegisFlow/Modules/Dashboard/KnowledgeGraphView.swift (in target 'AegisFlow' from project 'AegisFlow')
    cd /Users/runner/work/AegisFlow/AegisFlow
    

SwiftCompile normal arm64 /Users/runner/work/AegisFlow/AegisFlow/Modules/iOS_Data/Analysis.swift (in target 'AegisFlow' from project 'AegisFlow')
    cd /Users/runner/work/AegisFlow/AegisFlow
    

SwiftCompile normal arm64 /Users/runner/work/AegisFlow/AegisFlow/Modules/iOS_Profile/EditProfileModal.swift (in target 'AegisFlow' from project 'AegisFlow')
    cd /Users/runner/work/AegisFlow/AegisFlow
    

SwiftCompile normal arm64 /Users/runner/work/AegisFlow/AegisFlow/Modules/Auth/AuthViews.swift (in target 'AegisFlow' from project 'AegisFlow')
    cd /Users/runner/work/AegisFlow/AegisFlow
    

SwiftCompile normal arm64 /Users/runner/work/AegisFlow/AegisFlow/Modules/Dashboard/Components/RecordTypePickerSheet.swift (in target 'AegisFlow' from project 'AegisFlow')
    cd /Users/runner/work/AegisFlow/AegisFlow
    

SwiftCompile normal arm64 /Users/runner/work/AegisFlow/AegisFlow/Modules/Dashboard/Components/DashboardV2TopBar.swift (in target 'AegisFlow' from project 'AegisFlow')
    cd /Users/runner/work/AegisFlow/AegisFlow
    

SwiftCompile normal arm64 /Users/runner/work/AegisFlow/AegisFlow/Modules/Profile/ProfileViewModel.swift (in target 'AegisFlow' from project 'AegisFlow')
    cd /Users/runner/work/AegisFlow/AegisFlow
    
/Users/runner/work/AegisFlow/AegisFlow/Modules/Profile/ProfileViewModel.swift:472:36: warning: value 'activityLevel' was defined but never used; consider replacing with boolean test
                            if let activityLevel = prefs.activityLevel {
                               ~~~~^~~~~~~~~~~~~~~~
                                                                       != nil
/Users/runner/work/AegisFlow/AegisFlow/Modules/Profile/ProfileViewModel.swift:477:40: warning: value 'steps' was defined but never used; consider replacing with boolean test
                                if let steps = goals.steps {
                                   ~~~~^~~~~~~~
                                                           != nil

SwiftCompile normal arm64 /Users/runner/work/AegisFlow/AegisFlow/Modules/DeskPet/DeskPetFloatingOverlay.swift (in target 'AegisFlow' from project 'AegisFlow')
    cd /Users/runner/work/AegisFlow/AegisFlow
    
/Users/runner/work/AegisFlow/AegisFlow/Modules/DeskPet/DeskPetFloatingOverlay.swift:109:10: warning: 'onChange(of:perform:)' was deprecated in iOS 17.0: Use `onChange` with a two or zero parameter action closure instead.
        .onChange(of: data.deskPetPositionX) { newX in
         ^
/Users/runner/work/AegisFlow/AegisFlow/Modules/DeskPet/DeskPetFloatingOverlay.swift:112:10: warning: 'onChange(of:perform:)' was deprecated in iOS 17.0: Use `onChange` with a two or zero parameter action closure instead.
        .onChange(of: data.deskPetPositionY) { newY in
         ^
/Users/runner/work/AegisFlow/AegisFlow/Modules/DeskPet/DeskPetFloatingOverlay.swift:115:10: warning: 'onChange(of:perform:)' was deprecated in iOS 17.0: Use `onChange` with a two or zero parameter action closure instead.
        .onChange(of: data.deskPetEnabled) { _ in
         ^
/Users/runner/work/AegisFlow/AegisFlow/Modules/DeskPet/DeskPetFloatingOverlay.swift:476:18: warning: 'onChange(of:perform:)' was deprecated in iOS 17.0: Use `onChange` with a two or zero parameter action closure instead.
                .onChange(of: chatMessages.count) { _ in
                 ^

SwiftCompile normal arm64 /Users/runner/work/AegisFlow/AegisFlow/Modules/Avatar/Twin3DView.swift (in target 'AegisFlow' from project 'AegisFlow')
    cd /Users/runner/work/AegisFlow/AegisFlow
    

SwiftCompile normal arm64 /Users/runner/work/AegisFlow/AegisFlow/Modules/iOS_Profile/BluetoothSearchModal.swift (in target 'AegisFlow' from project 'AegisFlow')
    cd /Users/runner/work/AegisFlow/AegisFlow
    

SwiftCompile normal arm64 /Users/runner/work/AegisFlow/AegisFlow/Modules/iOS_Profile/Rewards.swift (in target 'AegisFlow' from project 'AegisFlow')
    cd /Users/runner/work/AegisFlow/AegisFlow
    

SwiftCompile normal arm64 /Users/runner/work/AegisFlow/AegisFlow/Modules/Profile/GamificationViews.swift (in target 'AegisFlow' from project 'AegisFlow')
    cd /Users/runner/work/AegisFlow/AegisFlow
    

LinkAssetCatalog /Users/runner/work/AegisFlow/AegisFlow/Modules/iOS_Profile/Assets.xcassets /Users/runner/work/AegisFlow/AegisFlow/Modules/DeskPet/AegisAssets.xcassets (in target 'AegisFlow' from project 'AegisFlow')
    cd /Users/runner/work/AegisFlow/AegisFlow
    builtin-linkAssetCatalog --thinned /Users/runner/work/AegisFlow/AegisFlow/build/DerivedData/Build/Intermediates/AegisFlow.build/Debug-iphonesimulator/AegisFlow.build/assetcatalog_output/thinned --thinned-dependencies /Users/runner/work/AegisFlow/AegisFlow/build/DerivedData/Build/Intermediates/AegisFlow.build/Debug-iphonesimulator/AegisFlow.build/assetcatalog_dependencies_thinned --thinned-info-plist-content /Users/runner/work/AegisFlow/AegisFlow/build/DerivedData/Build/Intermediates/AegisFlow.build/Debug-iphonesimulator/AegisFlow.build/assetcatalog_generated_info.plist_thinned --unthinned /Users/runner/work/AegisFlow/AegisFlow/build/DerivedData/Build/Intermediates/AegisFlow.build/Debug-iphonesimulator/AegisFlow.build/assetcatalog_output/unthinned --unthinned-dependencies /Users/runner/work/AegisFlow/AegisFlow/build/DerivedData/Build/Intermediates/AegisFlow.build/Debug-iphonesimulator/AegisFlow.build/assetcatalog_dependencies_unthinned --unthinned-info-plist-content /Users/runner/work/AegisFlow/AegisFlow/build/DerivedData/Build/Intermediates/AegisFlow.build/Debug-iphonesimulator/AegisFlow.build/assetcatalog_generated_info.plist_unthinned --output /Users/runner/work/AegisFlow/AegisFlow/build/DerivedData/Build/Products/Debug-iphonesimulator/AegisFlow.app --plist-output /Users/runner/work/AegisFlow/AegisFlow/build/DerivedData/Build/Intermediates/AegisFlow.build/Debug-iphonesimulator/AegisFlow.build/assetcatalog_generated_info.plist
note: Emplaced /Users/runner/work/AegisFlow/AegisFlow/build/DerivedData/Build/Products/Debug-iphonesimulator/AegisFlow.app/Assets.car (in target 'AegisFlow' from project 'AegisFlow')
note: Emplaced /Users/runner/work/AegisFlow/AegisFlow/build/DerivedData/Build/Products/Debug-iphonesimulator/AegisFlow.app/AppIcon60x60@2x.png (in target 'AegisFlow' from project 'AegisFlow')
note: Emplaced /Users/runner/work/AegisFlow/AegisFlow/build/DerivedData/Build/Products/Debug-iphonesimulator/AegisFlow.app/AppIcon76x76@2x~ipad.png (in target 'AegisFlow' from project 'AegisFlow')

SwiftDriverJobDiscovery normal arm64 Emitting module for AegisFlow (in target 'AegisFlow' from project 'AegisFlow')

SwiftDriver\ Compilation\ Requirements AegisFlow normal arm64 com.apple.xcode.tools.swift.compiler (in target 'AegisFlow' from project 'AegisFlow')
    cd /Users/runner/work/AegisFlow/AegisFlow
    builtin-Swift-Compilation-Requirements -- /Applications/Xcode_16.4.app/Contents/Developer/Toolchains/XcodeDefault.xctoolchain/usr/bin/swiftc -module-name AegisFlow -Onone -enforce-exclusivity\=checked @/Users/runner/work/AegisFlow/AegisFlow/build/DerivedData/Build/Intermediates/AegisFlow.build/Debug-iphonesimulator/AegisFlow.build/Objects-normal/arm64/AegisFlow.SwiftFileList -DDEBUG -enable-bare-slash-regex -enable-upcoming-feature MemberImportVisibility -enable-experimental-feature DebugDescriptionMacro -sdk /Applications/Xcode_16.4.app/Contents/Developer/Platforms/iPhoneSimulator.platform/Developer/SDKs/iPhoneSimulator18.5.sdk -target arm64-apple-ios17.0-simulator -g -module-cache-path /Users/runner/work/AegisFlow/AegisFlow/build/DerivedData/ModuleCache.noindex -Xfrontend -serialize-debugging-options -enable-testing -index-store-path /Users/runner/work/AegisFlow/AegisFlow/build/DerivedData/Index.noindex/DataStore -swift-version 5 -I /Users/runner/work/AegisFlow/AegisFlow/build/DerivedData/Build/Products/Debug-iphonesimulator -F /Users/runner/work/AegisFlow/AegisFlow/build/DerivedData/Build/Products/Debug-iphonesimulator -emit-localized-strings -emit-localized-strings-path /Users/runner/work/AegisFlow/AegisFlow/build/DerivedData/Build/Intermediates/AegisFlow.build/Debug-iphonesimulator/AegisFlow.build/Objects-normal/arm64 -c -j3 -enable-batch-mode -incremental -Xcc -ivfsstatcache -Xcc /Users/runner/work/AegisFlow/AegisFlow/build/DerivedData/SDKStatCaches.noindex/iphonesimulator18.5-22F76-96ae0914227b19deccb34b33ba7b5dea.sdkstatcache -output-file-map /Users/runner/work/AegisFlow/AegisFlow/build/DerivedData/Build/Intermediates/AegisFlow.build/Debug-iphonesimulator/AegisFlow.build/Objects-normal/arm64/AegisFlow-OutputFileMap.json -use-frontend-parseable-output -save-temps -no-color-diagnostics -serialize-diagnostics -emit-dependencies -emit-module -emit-module-path /Users/runner/work/AegisFlow/AegisFlow/build/DerivedData/Build/Intermediates/AegisFlow.build/Debug-iphonesimulator/AegisFlow.build/Objects-normal/arm64/AegisFlow.swiftmodule -validate-clang-modules-once -clang-build-session-file /Users/runner/work/AegisFlow/AegisFlow/build/DerivedData/ModuleCache.noindex/Session.modulevalidation -Xcc -I/Users/runner/work/AegisFlow/AegisFlow/build/DerivedData/Build/Intermediates/AegisFlow.build/Debug-iphonesimulator/AegisFlow.build/swift-overrides.hmap -emit-const-values -Xfrontend -const-gather-protocols-file -Xfrontend /Users/runner/work/AegisFlow/AegisFlow/build/DerivedData/Build/Intermediates/AegisFlow.build/Debug-iphonesimulator/AegisFlow.build/Objects-normal/arm64/AegisFlow_const_extract_protocols.json -Xcc -iquote -Xcc /Users/runner/work/AegisFlow/AegisFlow/build/DerivedData/Build/Intermediates/AegisFlow.build/Debug-iphonesimulator/AegisFlow.build/AegisFlow-generated-files.hmap -Xcc -I/Users/runner/work/AegisFlow/AegisFlow/build/DerivedData/Build/Intermediates/AegisFlow.build/Debug-iphonesimulator/AegisFlow.build/AegisFlow-own-target-headers.hmap -Xcc -I/Users/runner/work/AegisFlow/AegisFlow/build/DerivedData/Build/Intermediates/AegisFlow.build/Debug-iphonesimulator/AegisFlow.build/AegisFlow-all-target-headers.hmap -Xcc -iquote -Xcc /Users/runner/work/AegisFlow/AegisFlow/build/DerivedData/Build/Intermediates/AegisFlow.build/Debug-iphonesimulator/AegisFlow.build/AegisFlow-project-headers.hmap -Xcc -I/Users/runner/work/AegisFlow/AegisFlow/build/DerivedData/Build/Products/Debug-iphonesimulator/include -Xcc -I/Users/runner/work/AegisFlow/AegisFlow/build/DerivedData/Build/Intermediates/AegisFlow.build/Debug-iphonesimulator/AegisFlow.build/DerivedSources-normal/arm64 -Xcc -I/Users/runner/work/AegisFlow/AegisFlow/build/DerivedData/Build/Intermediates/AegisFlow.build/Debug-iphonesimulator/AegisFlow.build/DerivedSources/arm64 -Xcc -I/Users/runner/work/AegisFlow/AegisFlow/build/DerivedData/Build/Intermediates/AegisFlow.build/Debug-iphonesimulator/AegisFlow.build/DerivedSources -Xcc -DDEBUG\=1 -emit-objc-header -emit-objc-header-path /Users/runner/work/AegisFlow/AegisFlow/build/DerivedData/Build/Intermediates/AegisFlow.build/Debug-iphonesimulator/AegisFlow.build/Objects-normal/arm64/AegisFlow-Swift.h -working-directory /Users/runner/work/AegisFlow/AegisFlow -experimental-emit-module-separately -disable-cmo

ProcessInfoPlistFile /Users/runner/work/AegisFlow/AegisFlow/build/DerivedData/Build/Products/Debug-iphonesimulator/AegisFlow.app/Info.plist /Users/runner/work/AegisFlow/AegisFlow/Info.plist (in target 'AegisFlow' from project 'AegisFlow')
    cd /Users/runner/work/AegisFlow/AegisFlow
    builtin-infoPlistUtility /Users/runner/work/AegisFlow/AegisFlow/Info.plist -producttype com.apple.product-type.application -genpkginfo /Users/runner/work/AegisFlow/AegisFlow/build/DerivedData/Build/Products/Debug-iphonesimulator/AegisFlow.app/PkgInfo -expandbuildsettings -format binary -platform iphonesimulator -additionalcontentfile /Users/runner/work/AegisFlow/AegisFlow/build/DerivedData/Build/Intermediates/AegisFlow.build/Debug-iphonesimulator/AegisFlow.build/assetcatalog_generated_info.plist -o /Users/runner/work/AegisFlow/AegisFlow/build/DerivedData/Build/Products/Debug-iphonesimulator/AegisFlow.app/Info.plist

SwiftMergeGeneratedHeaders /Users/runner/work/AegisFlow/AegisFlow/build/DerivedData/Build/Intermediates/AegisFlow.build/Debug-iphonesimulator/AegisFlow.build/DerivedSources/AegisFlow-Swift.h /Users/runner/work/AegisFlow/AegisFlow/build/DerivedData/Build/Intermediates/AegisFlow.build/Debug-iphonesimulator/AegisFlow.build/Objects-normal/arm64/AegisFlow-Swift.h (in target 'AegisFlow' from project 'AegisFlow')
    cd /Users/runner/work/AegisFlow/AegisFlow
    builtin-swiftHeaderTool -arch arm64 /Users/runner/work/AegisFlow/AegisFlow/build/DerivedData/Build/Intermediates/AegisFlow.build/Debug-iphonesimulator/AegisFlow.build/Objects-normal/arm64/AegisFlow-Swift.h -o /Users/runner/work/AegisFlow/AegisFlow/build/DerivedData/Build/Intermediates/AegisFlow.build/Debug-iphonesimulator/AegisFlow.build/DerivedSources/AegisFlow-Swift.h

Copy /Users/runner/work/AegisFlow/AegisFlow/build/DerivedData/Build/Products/Debug-iphonesimulator/AegisFlow.swiftmodule/arm64-apple-ios-simulator.swiftmodule /Users/runner/work/AegisFlow/AegisFlow/build/DerivedData/Build/Intermediates/AegisFlow.build/Debug-iphonesimulator/AegisFlow.build/Objects-normal/arm64/AegisFlow.swiftmodule (in target 'AegisFlow' from project 'AegisFlow')
    cd /Users/runner/work/AegisFlow/AegisFlow
    builtin-copy -exclude .DS_Store -exclude CVS -exclude .svn -exclude .git -exclude .hg -resolve-src-symlinks -rename /Users/runner/work/AegisFlow/AegisFlow/build/DerivedData/Build/Intermediates/AegisFlow.build/Debug-iphonesimulator/AegisFlow.build/Objects-normal/arm64/AegisFlow.swiftmodule /Users/runner/work/AegisFlow/AegisFlow/build/DerivedData/Build/Products/Debug-iphonesimulator/AegisFlow.swiftmodule/arm64-apple-ios-simulator.swiftmodule

Copy /Users/runner/work/AegisFlow/AegisFlow/build/DerivedData/Build/Products/Debug-iphonesimulator/AegisFlow.swiftmodule/arm64-apple-ios-simulator.swiftdoc /Users/runner/work/AegisFlow/AegisFlow/build/DerivedData/Build/Intermediates/AegisFlow.build/Debug-iphonesimulator/AegisFlow.build/Objects-normal/arm64/AegisFlow.swiftdoc (in target 'AegisFlow' from project 'AegisFlow')
    cd /Users/runner/work/AegisFlow/AegisFlow
    builtin-copy -exclude .DS_Store -exclude CVS -exclude .svn -exclude .git -exclude .hg -resolve-src-symlinks -rename /Users/runner/work/AegisFlow/AegisFlow/build/DerivedData/Build/Intermediates/AegisFlow.build/Debug-iphonesimulator/AegisFlow.build/Objects-normal/arm64/AegisFlow.swiftdoc /Users/runner/work/AegisFlow/AegisFlow/build/DerivedData/Build/Products/Debug-iphonesimulator/AegisFlow.swiftmodule/arm64-apple-ios-simulator.swiftdoc

Copy /Users/runner/work/AegisFlow/AegisFlow/build/DerivedData/Build/Products/Debug-iphonesimulator/AegisFlow.swiftmodule/arm64-apple-ios-simulator.abi.json /Users/runner/work/AegisFlow/AegisFlow/build/DerivedData/Build/Intermediates/AegisFlow.build/Debug-iphonesimulator/AegisFlow.build/Objects-normal/arm64/AegisFlow.abi.json (in target 'AegisFlow' from project 'AegisFlow')
    cd /Users/runner/work/AegisFlow/AegisFlow
    builtin-copy -exclude .DS_Store -exclude CVS -exclude .svn -exclude .git -exclude .hg -resolve-src-symlinks -rename /Users/runner/work/AegisFlow/AegisFlow/build/DerivedData/Build/Intermediates/AegisFlow.build/Debug-iphonesimulator/AegisFlow.build/Objects-normal/arm64/AegisFlow.abi.json /Users/runner/work/AegisFlow/AegisFlow/build/DerivedData/Build/Products/Debug-iphonesimulator/AegisFlow.swiftmodule/arm64-apple-ios-simulator.abi.json

Copy /Users/runner/work/AegisFlow/AegisFlow/build/DerivedData/Build/Products/Debug-iphonesimulator/AegisFlow.swiftmodule/Project/arm64-apple-ios-simulator.swiftsourceinfo /Users/runner/work/AegisFlow/AegisFlow/build/DerivedData/Build/Intermediates/AegisFlow.build/Debug-iphonesimulator/AegisFlow.build/Objects-normal/arm64/AegisFlow.swiftsourceinfo (in target 'AegisFlow' from project 'AegisFlow')
    cd /Users/runner/work/AegisFlow/AegisFlow
    builtin-copy -exclude .DS_Store -exclude CVS -exclude .svn -exclude .git -exclude .hg -resolve-src-symlinks -rename /Users/runner/work/AegisFlow/AegisFlow/build/DerivedData/Build/Intermediates/AegisFlow.build/Debug-iphonesimulator/AegisFlow.build/Objects-normal/arm64/AegisFlow.swiftsourceinfo /Users/runner/work/AegisFlow/AegisFlow/build/DerivedData/Build/Products/Debug-iphonesimulator/AegisFlow.swiftmodule/Project/arm64-apple-ios-simulator.swiftsourceinfo

SwiftCompile normal arm64 Compiling\ DashboardV2WeekStrip.swift,\ WeeklySummary.swift,\ Premium.swift,\ PlanView.swift,\ NotificationViewModel.swift,\ ChatView.swift,\ HealthData.swift,\ HelpSupport.swift,\ FitnessPopupContainerView.swift,\ SettingsViewModel.swift,\ DashboardV2Theme.swift,\ Extensions.swift,\ FlowLayout.swift,\ IndicatorCard.swift,\ LoadingStates.swift,\ SFSafeSymbol.swift,\ WeekDatePicker.swift,\ AppMain.swift,\ GeneratedAssetSymbols.swift /Users/runner/work/AegisFlow/AegisFlow/Modules/Dashboard/Components/DashboardV2WeekStrip.swift /Users/runner/work/AegisFlow/AegisFlow/Modules/iOS_Data/WeeklySummary.swift /Users/runner/work/AegisFlow/AegisFlow/Modules/iOS_Profile/Premium.swift /Users/runner/work/AegisFlow/AegisFlow/Modules/Plan/PlanView.swift /Users/runner/work/AegisFlow/AegisFlow/Modules/Dashboard/NotificationViewModel.swift /Users/runner/work/AegisFlow/AegisFlow/Modules/Chat/ChatView.swift /Users/runner/work/AegisFlow/AegisFlow/Modules/iOS_Data/HealthData.swift /Users/runner/work/AegisFlow/AegisFlow/Modules/iOS_Profile/HelpSupport.swift /Users/runner/work/AegisFlow/AegisFlow/Modules/Plan/FitnessPopupContainerView.swift /Users/runner/work/AegisFlow/AegisFlow/Modules/Profile/SettingsViewModel.swift /Users/runner/work/AegisFlow/AegisFlow/Modules/Dashboard/Components/DashboardV2Theme.swift /Users/runner/work/AegisFlow/AegisFlow/ShareComponents/Extensions.swift /Users/runner/work/AegisFlow/AegisFlow/ShareComponents/FlowLayout.swift /Users/runner/work/AegisFlow/AegisFlow/ShareComponents/IndicatorCard.swift /Users/runner/work/AegisFlow/AegisFlow/ShareComponents/LoadingStates.swift /Users/runner/work/AegisFlow/AegisFlow/ShareComponents/SFSafeSymbol.swift /Users/runner/work/AegisFlow/AegisFlow/ShareComponents/WeekDatePicker.swift /Users/runner/work/AegisFlow/AegisFlow/AppMain.swift /Users/runner/work/AegisFlow/AegisFlow/build/DerivedData/Build/Intermediates/AegisFlow.build/Debug-iphonesimulator/AegisFlow.build/DerivedSources/GeneratedAssetSymbols.swift (in target 'AegisFlow' from project 'AegisFlow')

SwiftCompile normal arm64 /Users/runner/work/AegisFlow/AegisFlow/Modules/Dashboard/Components/DashboardV2WeekStrip.swift (in target 'AegisFlow' from project 'AegisFlow')
    cd /Users/runner/work/AegisFlow/AegisFlow
    

SwiftCompile normal arm64 /Users/runner/work/AegisFlow/AegisFlow/Modules/iOS_Data/WeeklySummary.swift (in target 'AegisFlow' from project 'AegisFlow')
    cd /Users/runner/work/AegisFlow/AegisFlow
    

SwiftCompile normal arm64 /Users/runner/work/AegisFlow/AegisFlow/Modules/iOS_Profile/Premium.swift (in target 'AegisFlow' from project 'AegisFlow')
    cd /Users/runner/work/AegisFlow/AegisFlow
    

SwiftCompile normal arm64 /Users/runner/work/AegisFlow/AegisFlow/Modules/Plan/PlanView.swift (in target 'AegisFlow' from project 'AegisFlow')
    cd /Users/runner/work/AegisFlow/AegisFlow
    

SwiftCompile normal arm64 /Users/runner/work/AegisFlow/AegisFlow/Modules/Dashboard/NotificationViewModel.swift (in target 'AegisFlow' from project 'AegisFlow')
    cd /Users/runner/work/AegisFlow/AegisFlow
    

SwiftCompile normal arm64 /Users/runner/work/AegisFlow/AegisFlow/Modules/Chat/ChatView.swift (in target 'AegisFlow' from project 'AegisFlow')
    cd /Users/runner/work/AegisFlow/AegisFlow
    

SwiftCompile normal arm64 /Users/runner/work/AegisFlow/AegisFlow/Modules/iOS_Data/HealthData.swift (in target 'AegisFlow' from project 'AegisFlow')
    cd /Users/runner/work/AegisFlow/AegisFlow
    

SwiftCompile normal arm64 /Users/runner/work/AegisFlow/AegisFlow/Modules/iOS_Profile/HelpSupport.swift (in target 'AegisFlow' from project 'AegisFlow')
    cd /Users/runner/work/AegisFlow/AegisFlow
    

SwiftCompile normal arm64 /Users/runner/work/AegisFlow/AegisFlow/Modules/Plan/FitnessPopupContainerView.swift (in target 'AegisFlow' from project 'AegisFlow')
    cd /Users/runner/work/AegisFlow/AegisFlow
    

SwiftCompile normal arm64 /Users/runner/work/AegisFlow/AegisFlow/Modules/Profile/SettingsViewModel.swift (in target 'AegisFlow' from project 'AegisFlow')
    cd /Users/runner/work/AegisFlow/AegisFlow
    

SwiftCompile normal arm64 /Users/runner/work/AegisFlow/AegisFlow/Modules/Dashboard/Components/DashboardV2Theme.swift (in target 'AegisFlow' from project 'AegisFlow')
    cd /Users/runner/work/AegisFlow/AegisFlow
    

SwiftCompile normal arm64 /Users/runner/work/AegisFlow/AegisFlow/ShareComponents/Extensions.swift (in target 'AegisFlow' from project 'AegisFlow')
    cd /Users/runner/work/AegisFlow/AegisFlow
    

SwiftCompile normal arm64 /Users/runner/work/AegisFlow/AegisFlow/ShareComponents/FlowLayout.swift (in target 'AegisFlow' from project 'AegisFlow')
    cd /Users/runner/work/AegisFlow/AegisFlow
    

SwiftCompile normal arm64 /Users/runner/work/AegisFlow/AegisFlow/ShareComponents/IndicatorCard.swift (in target 'AegisFlow' from project 'AegisFlow')
    cd /Users/runner/work/AegisFlow/AegisFlow
    

SwiftCompile normal arm64 /Users/runner/work/AegisFlow/AegisFlow/ShareComponents/LoadingStates.swift (in target 'AegisFlow' from project 'AegisFlow')
    cd /Users/runner/work/AegisFlow/AegisFlow
    

SwiftCompile normal arm64 /Users/runner/work/AegisFlow/AegisFlow/ShareComponents/SFSafeSymbol.swift (in target 'AegisFlow' from project 'AegisFlow')
    cd /Users/runner/work/AegisFlow/AegisFlow
    

SwiftCompile normal arm64 /Users/runner/work/AegisFlow/AegisFlow/ShareComponents/WeekDatePicker.swift (in target 'AegisFlow' from project 'AegisFlow')
    cd /Users/runner/work/AegisFlow/AegisFlow
    

SwiftCompile normal arm64 /Users/runner/work/AegisFlow/AegisFlow/AppMain.swift (in target 'AegisFlow' from project 'AegisFlow')
    cd /Users/runner/work/AegisFlow/AegisFlow
    

SwiftCompile normal arm64 /Users/runner/work/AegisFlow/AegisFlow/build/DerivedData/Build/Intermediates/AegisFlow.build/Debug-iphonesimulator/AegisFlow.build/DerivedSources/GeneratedAssetSymbols.swift (in target 'AegisFlow' from project 'AegisFlow')
    cd /Users/runner/work/AegisFlow/AegisFlow
    

SwiftCompile normal arm64 Compiling\ NavigationCoordinator.swift,\ DataManager.swift,\ MainTabView.swift,\ ChartComponents.swift,\ DeskPetOrbPreview.swift,\ InsightDetailView.swift,\ ElemeOrderWebView.swift,\ Data.swift,\ OnboardingView.swift,\ ProfileView.swift,\ AegisFlowMascotGlyph.swift,\ ProfileHeader.swift,\ LogBottomSheet.swift,\ KnowledgeGraphDetailView.swift,\ TeammateHomeView.swift,\ ScoreCard.swift,\ Notification.swift,\ MicroExercisePopupView.swift,\ UserInsightCard.swift /Users/runner/work/AegisFlow/AegisFlow/GlobalManager/NavigationCoordinator.swift /Users/runner/work/AegisFlow/AegisFlow/GlobalManager/DataManager.swift /Users/runner/work/AegisFlow/AegisFlow/GlobalManager/MainTabView.swift /Users/runner/work/AegisFlow/AegisFlow/ShareComponents/ChartComponents.swift /Users/runner/work/AegisFlow/AegisFlow/ShareComponents/DeskPetOrbPreview.swift /Users/runner/work/AegisFlow/AegisFlow/Modules/Dashboard/InsightDetailView.swift /Users/runner/work/AegisFlow/AegisFlow/Modules/Chat/ElemeOrderWebView.swift /Users/runner/work/AegisFlow/AegisFlow/Modules/iOS_Profile/Data.swift /Users/runner/work/AegisFlow/AegisFlow/Modules/Onboarding/OnboardingView.swift /Users/runner/work/AegisFlow/AegisFlow/Modules/Profile/ProfileView.swift /Users/runner/work/AegisFlow/AegisFlow/Modules/DeskPet/AegisFlowMascotGlyph.swift /Users/runner/work/AegisFlow/AegisFlow/Modules/iOS_Profile/ProfileHeader.swift /Users/runner/work/AegisFlow/AegisFlow/Modules/Dashboard/Components/LogBottomSheet.swift /Users/runner/work/AegisFlow/AegisFlow/Modules/Chat/KnowledgeGraphDetailView.swift /Users/runner/work/AegisFlow/AegisFlow/Modules/Dashboard/TeammateHomeView.swift /Users/runner/work/AegisFlow/AegisFlow/Modules/iOS_Data/ScoreCard.swift /Users/runner/work/AegisFlow/AegisFlow/Modules/iOS_Profile/Notification.swift /Users/runner/work/AegisFlow/AegisFlow/Modules/Plan/MicroExercisePopupView.swift /Users/runner/work/AegisFlow/AegisFlow/Modules/Profile/UserInsightCard.swift (in target 'AegisFlow' from project 'AegisFlow')
SwiftCompile normal arm64 /Users/runner/work/AegisFlow/AegisFlow/GlobalManager/NavigationCoordinator.swift (in target 'AegisFlow' from project 'AegisFlow')
    cd /Users/runner/work/AegisFlow/AegisFlow
    

SwiftCompile normal arm64 /Users/runner/work/AegisFlow/AegisFlow/GlobalManager/DataManager.swift (in target 'AegisFlow' from project 'AegisFlow')
    cd /Users/runner/work/AegisFlow/AegisFlow
    

SwiftCompile normal arm64 /Users/runner/work/AegisFlow/AegisFlow/GlobalManager/MainTabView.swift (in target 'AegisFlow' from project 'AegisFlow')
    cd /Users/runner/work/AegisFlow/AegisFlow
    

SwiftCompile normal arm64 /Users/runner/work/AegisFlow/AegisFlow/ShareComponents/ChartComponents.swift (in target 'AegisFlow' from project 'AegisFlow')
    cd /Users/runner/work/AegisFlow/AegisFlow
    

SwiftCompile normal arm64 /Users/runner/work/AegisFlow/AegisFlow/ShareComponents/DeskPetOrbPreview.swift (in target 'AegisFlow' from project 'AegisFlow')
    cd /Users/runner/work/AegisFlow/AegisFlow
    

SwiftCompile normal arm64 /Users/runner/work/AegisFlow/AegisFlow/Modules/Dashboard/InsightDetailView.swift (in target 'AegisFlow' from project 'AegisFlow')
    cd /Users/runner/work/AegisFlow/AegisFlow
    

SwiftCompile normal arm64 /Users/runner/work/AegisFlow/AegisFlow/Modules/Chat/ElemeOrderWebView.swift (in target 'AegisFlow' from project 'AegisFlow')
    cd /Users/runner/work/AegisFlow/AegisFlow
    

SwiftCompile normal arm64 /Users/runner/work/AegisFlow/AegisFlow/Modules/iOS_Profile/Data.swift (in target 'AegisFlow' from project 'AegisFlow')
    cd /Users/runner/work/AegisFlow/AegisFlow
    

SwiftCompile normal arm64 /Users/runner/work/AegisFlow/AegisFlow/Modules/Onboarding/OnboardingView.swift (in target 'AegisFlow' from project 'AegisFlow')
    cd /Users/runner/work/AegisFlow/AegisFlow
    

SwiftCompile normal arm64 /Users/runner/work/AegisFlow/AegisFlow/Modules/Profile/ProfileView.swift (in target 'AegisFlow' from project 'AegisFlow')
    cd /Users/runner/work/AegisFlow/AegisFlow
    
/Users/runner/work/AegisFlow/AegisFlow/Modules/Profile/ProfileView.swift:122:17: warning: 'init(destination:tag:selection:label:)' was deprecated in iOS 16.0: use NavigationLink(value:label:), or navigationDestination(isPresented:destination:), inside a NavigationStack or NavigationSplitView
                NavigationLink(destination: AegisLevelView(), tag: "level", selection: $navSelection) { EmptyView() }
                ^
/Users/runner/work/AegisFlow/AegisFlow/Modules/Profile/ProfileView.swift:123:17: warning: 'init(destination:tag:selection:label:)' was deprecated in iOS 16.0: use NavigationLink(value:label:), or navigationDestination(isPresented:destination:), inside a NavigationStack or NavigationSplitView
                NavigationLink(destination: AegisRewardsView(), tag: "rewards", selection: $navSelection) { EmptyView() }
                ^
/Users/runner/work/AegisFlow/AegisFlow/Modules/Profile/ProfileView.swift:124:17: warning: 'init(destination:tag:selection:label:)' was deprecated in iOS 16.0: use NavigationLink(value:label:), or navigationDestination(isPresented:destination:), inside a NavigationStack or NavigationSplitView
                NavigationLink(destination: AegisPremiumView(), tag: "premium", selection: $navSelection) { EmptyView() }
                ^
/Users/runner/work/AegisFlow/AegisFlow/Modules/Profile/ProfileView.swift:125:17: warning: 'init(destination:tag:selection:label:)' was deprecated in iOS 16.0: use NavigationLink(value:label:), or navigationDestination(isPresented:destination:), inside a NavigationStack or NavigationSplitView
                NavigationLink(destination: Twin3DView(), tag: "twin3d", selection: $navSelection) { EmptyView() }
                ^

SwiftCompile normal arm64 /Users/runner/work/AegisFlow/AegisFlow/Modules/DeskPet/AegisFlowMascotGlyph.swift (in target 'AegisFlow' from project 'AegisFlow')
    cd /Users/runner/work/AegisFlow/AegisFlow
    

SwiftCompile normal arm64 /Users/runner/work/AegisFlow/AegisFlow/Modules/iOS_Profile/ProfileHeader.swift (in target 'AegisFlow' from project 'AegisFlow')
    cd /Users/runner/work/AegisFlow/AegisFlow
    

SwiftCompile normal arm64 /Users/runner/work/AegisFlow/AegisFlow/Modules/Dashboard/Components/LogBottomSheet.swift (in target 'AegisFlow' from project 'AegisFlow')
    cd /Users/runner/work/AegisFlow/AegisFlow
    
/Users/runner/work/AegisFlow/AegisFlow/Modules/Dashboard/Components/LogBottomSheet.swift:190:9: warning: default will never be executed
        default:
        ^

SwiftCompile normal arm64 /Users/runner/work/AegisFlow/AegisFlow/Modules/Chat/KnowledgeGraphDetailView.swift (in target 'AegisFlow' from project 'AegisFlow')
    cd /Users/runner/work/AegisFlow/AegisFlow
    

SwiftCompile normal arm64 /Users/runner/work/AegisFlow/AegisFlow/Modules/Dashboard/TeammateHomeView.swift (in target 'AegisFlow' from project 'AegisFlow')
    cd /Users/runner/work/AegisFlow/AegisFlow
    

SwiftCompile normal arm64 /Users/runner/work/AegisFlow/AegisFlow/Modules/iOS_Data/ScoreCard.swift (in target 'AegisFlow' from project 'AegisFlow')
    cd /Users/runner/work/AegisFlow/AegisFlow
    

SwiftCompile normal arm64 /Users/runner/work/AegisFlow/AegisFlow/Modules/iOS_Profile/Notification.swift (in target 'AegisFlow' from project 'AegisFlow')
    cd /Users/runner/work/AegisFlow/AegisFlow
    

SwiftCompile normal arm64 /Users/runner/work/AegisFlow/AegisFlow/Modules/Plan/MicroExercisePopupView.swift (in target 'AegisFlow' from project 'AegisFlow')
    cd /Users/runner/work/AegisFlow/AegisFlow
    

SwiftCompile normal arm64 /Users/runner/work/AegisFlow/AegisFlow/Modules/Profile/UserInsightCard.swift (in target 'AegisFlow' from project 'AegisFlow')
    cd /Users/runner/work/AegisFlow/AegisFlow
    

SwiftDriverJobDiscovery normal arm64 Compiling DashboardV2WeekStrip.swift, WeeklySummary.swift, Premium.swift, PlanView.swift, NotificationViewModel.swift, ChatView.swift, HealthData.swift, HelpSupport.swift, FitnessPopupContainerView.swift, SettingsViewModel.swift, DashboardV2Theme.swift, Extensions.swift, FlowLayout.swift, IndicatorCard.swift, LoadingStates.swift, SFSafeSymbol.swift, WeekDatePicker.swift, AppMain.swift, GeneratedAssetSymbols.swift (in target 'AegisFlow' from project 'AegisFlow')

SwiftDriverJobDiscovery normal arm64 Compiling DashboardV2Sections.swift, NotificationCenterView.swift, AxtivityComposition.swift, HealthGoals.swift, AdvancedFitnessPopupContainerView.swift, ReminderSettingsView.swift, NotificationService.swift, HealthDataService.swift, APIClient.swift, StorageManager.swift, FoodAnalysisView.swift, UIImage+AegisTrim.swift, Content.swift, LogModels.swift, GeneratedPageView.swift, Privacy.swift, DashboardView.swift, PlanViewModel.swift, SplashScreen.swift (in target 'AegisFlow' from project 'AegisFlow')

SwiftDriverJobDiscovery normal arm64 Compiling DashboardViewModel.swift, StatisticsScreen.swift, IndicatorRow.swift, AvatarViewerView.swift, Level.swift, HealthCardView.swift, SettingsViews.swift, KnowledgeGraphView.swift, Analysis.swift, EditProfileModal.swift, AuthViews.swift, RecordTypePickerSheet.swift, DashboardV2TopBar.swift, ProfileViewModel.swift, DeskPetFloatingOverlay.swift, Twin3DView.swift, BluetoothSearchModal.swift, Rewards.swift, GamificationViews.swift (in target 'AegisFlow' from project 'AegisFlow')

SwiftDriverJobDiscovery normal arm64 Compiling NavigationCoordinator.swift, DataManager.swift, MainTabView.swift, ChartComponents.swift, DeskPetOrbPreview.swift, InsightDetailView.swift, ElemeOrderWebView.swift, Data.swift, OnboardingView.swift, ProfileView.swift, AegisFlowMascotGlyph.swift, ProfileHeader.swift, LogBottomSheet.swift, KnowledgeGraphDetailView.swift, TeammateHomeView.swift, ScoreCard.swift, Notification.swift, MicroExercisePopupView.swift, UserInsightCard.swift (in target 'AegisFlow' from project 'AegisFlow')

SwiftDriver\ Compilation AegisFlow normal arm64 com.apple.xcode.tools.swift.compiler (in target 'AegisFlow' from project 'AegisFlow')
    cd /Users/runner/work/AegisFlow/AegisFlow
    builtin-Swift-Compilation -- /Applications/Xcode_16.4.app/Contents/Developer/Toolchains/XcodeDefault.xctoolchain/usr/bin/swiftc -module-name AegisFlow -Onone -enforce-exclusivity\=checked @/Users/runner/work/AegisFlow/AegisFlow/build/DerivedData/Build/Intermediates/AegisFlow.build/Debug-iphonesimulator/AegisFlow.build/Objects-normal/arm64/AegisFlow.SwiftFileList -DDEBUG -enable-bare-slash-regex -enable-upcoming-feature MemberImportVisibility -enable-experimental-feature DebugDescriptionMacro -sdk /Applications/Xcode_16.4.app/Contents/Developer/Platforms/iPhoneSimulator.platform/Developer/SDKs/iPhoneSimulator18.5.sdk -target arm64-apple-ios17.0-simulator -g -module-cache-path /Users/runner/work/AegisFlow/AegisFlow/build/DerivedData/ModuleCache.noindex -Xfrontend -serialize-debugging-options -enable-testing -index-store-path /Users/runner/work/AegisFlow/AegisFlow/build/DerivedData/Index.noindex/DataStore -swift-version 5 -I /Users/runner/work/AegisFlow/AegisFlow/build/DerivedData/Build/Products/Debug-iphonesimulator -F /Users/runner/work/AegisFlow/AegisFlow/build/DerivedData/Build/Products/Debug-iphonesimulator -emit-localized-strings -emit-localized-strings-path /Users/runner/work/AegisFlow/AegisFlow/build/DerivedData/Build/Intermediates/AegisFlow.build/Debug-iphonesimulator/AegisFlow.build/Objects-normal/arm64 -c -j3 -enable-batch-mode -incremental -Xcc -ivfsstatcache -Xcc /Users/runner/work/AegisFlow/AegisFlow/build/DerivedData/SDKStatCaches.noindex/iphonesimulator18.5-22F76-96ae0914227b19deccb34b33ba7b5dea.sdkstatcache -output-file-map /Users/runner/work/AegisFlow/AegisFlow/build/DerivedData/Build/Intermediates/AegisFlow.build/Debug-iphonesimulator/AegisFlow.build/Objects-normal/arm64/AegisFlow-OutputFileMap.json -use-frontend-parseable-output -save-temps -no-color-diagnostics -serialize-diagnostics -emit-dependencies -emit-module -emit-module-path /Users/runner/work/AegisFlow/AegisFlow/build/DerivedData/Build/Intermediates/AegisFlow.build/Debug-iphonesimulator/AegisFlow.build/Objects-normal/arm64/AegisFlow.swiftmodule -validate-clang-modules-once -clang-build-session-file /Users/runner/work/AegisFlow/AegisFlow/build/DerivedData/ModuleCache.noindex/Session.modulevalidation -Xcc -I/Users/runner/work/AegisFlow/AegisFlow/build/DerivedData/Build/Intermediates/AegisFlow.build/Debug-iphonesimulator/AegisFlow.build/swift-overrides.hmap -emit-const-values -Xfrontend -const-gather-protocols-file -Xfrontend /Users/runner/work/AegisFlow/AegisFlow/build/DerivedData/Build/Intermediates/AegisFlow.build/Debug-iphonesimulator/AegisFlow.build/Objects-normal/arm64/AegisFlow_const_extract_protocols.json -Xcc -iquote -Xcc /Users/runner/work/AegisFlow/AegisFlow/build/DerivedData/Build/Intermediates/AegisFlow.build/Debug-iphonesimulator/AegisFlow.build/AegisFlow-generated-files.hmap -Xcc -I/Users/runner/work/AegisFlow/AegisFlow/build/DerivedData/Build/Intermediates/AegisFlow.build/Debug-iphonesimulator/AegisFlow.build/AegisFlow-own-target-headers.hmap -Xcc -I/Users/runner/work/AegisFlow/AegisFlow/build/DerivedData/Build/Intermediates/AegisFlow.build/Debug-iphonesimulator/AegisFlow.build/AegisFlow-all-target-headers.hmap -Xcc -iquote -Xcc /Users/runner/work/AegisFlow/AegisFlow/build/DerivedData/Build/Intermediates/AegisFlow.build/Debug-iphonesimulator/AegisFlow.build/AegisFlow-project-headers.hmap -Xcc -I/Users/runner/work/AegisFlow/AegisFlow/build/DerivedData/Build/Products/Debug-iphonesimulator/include -Xcc -I/Users/runner/work/AegisFlow/AegisFlow/build/DerivedData/Build/Intermediates/AegisFlow.build/Debug-iphonesimulator/AegisFlow.build/DerivedSources-normal/arm64 -Xcc -I/Users/runner/work/AegisFlow/AegisFlow/build/DerivedData/Build/Intermediates/AegisFlow.build/Debug-iphonesimulator/AegisFlow.build/DerivedSources/arm64 -Xcc -I/Users/runner/work/AegisFlow/AegisFlow/build/DerivedData/Build/Intermediates/AegisFlow.build/Debug-iphonesimulator/AegisFlow.build/DerivedSources -Xcc -DDEBUG\=1 -emit-objc-header -emit-objc-header-path /Users/runner/work/AegisFlow/AegisFlow/build/DerivedData/Build/Intermediates/AegisFlow.build/Debug-iphonesimulator/AegisFlow.build/Objects-normal/arm64/AegisFlow-Swift.h -working-directory /Users/runner/work/AegisFlow/AegisFlow -experimental-emit-module-separately -disable-cmo

Ld /Users/runner/work/AegisFlow/AegisFlow/build/DerivedData/Build/Products/Debug-iphonesimulator/AegisFlow.app/AegisFlow.debug.dylib normal (in target 'AegisFlow' from project 'AegisFlow')
    cd /Users/runner/work/AegisFlow/AegisFlow
    /Applications/Xcode_16.4.app/Contents/Developer/Toolchains/XcodeDefault.xctoolchain/usr/bin/clang -Xlinker -reproducible -target arm64-apple-ios17.0-simulator -dynamiclib -isysroot /Applications/Xcode_16.4.app/Contents/Developer/Platforms/iPhoneSimulator.platform/Developer/SDKs/iPhoneSimulator18.5.sdk -O0 -L/Users/runner/work/AegisFlow/AegisFlow/build/DerivedData/Build/Intermediates/EagerLinkingTBDs/Debug-iphonesimulator -L/Users/runner/work/AegisFlow/AegisFlow/build/DerivedData/Build/Products/Debug-iphonesimulator -F/Users/runner/work/AegisFlow/AegisFlow/build/DerivedData/Build/Intermediates/EagerLinkingTBDs/Debug-iphonesimulator -F/Users/runner/work/AegisFlow/AegisFlow/build/DerivedData/Build/Products/Debug-iphonesimulator -filelist /Users/runner/work/AegisFlow/AegisFlow/build/DerivedData/Build/Intermediates/AegisFlow.build/Debug-iphonesimulator/AegisFlow.build/Objects-normal/arm64/AegisFlow.LinkFileList -install_name @rpath/AegisFlow.debug.dylib -Xlinker -rpath -Xlinker @executable_path/Frameworks -dead_strip -Xlinker -object_path_lto -Xlinker /Users/runner/work/AegisFlow/AegisFlow/build/DerivedData/Build/Intermediates/AegisFlow.build/Debug-iphonesimulator/AegisFlow.build/Objects-normal/arm64/AegisFlow_lto.o -rdynamic -Xlinker -no_deduplicate -Xlinker -objc_abi_version -Xlinker 2 -Xlinker -dependency_info -Xlinker /Users/runner/work/AegisFlow/AegisFlow/build/DerivedData/Build/Intermediates/AegisFlow.build/Debug-iphonesimulator/AegisFlow.build/Objects-normal/arm64/AegisFlow_dependency_info.dat -fobjc-link-runtime -L/Applications/Xcode_16.4.app/Contents/Developer/Toolchains/XcodeDefault.xctoolchain/usr/lib/swift/iphonesimulator -L/usr/lib/swift -Xlinker -add_ast_path -Xlinker /Users/runner/work/AegisFlow/AegisFlow/build/DerivedData/Build/Intermediates/AegisFlow.build/Debug-iphonesimulator/AegisFlow.build/Objects-normal/arm64/AegisFlow.swiftmodule -Xlinker -alias -Xlinker _main -Xlinker ___debug_main_executable_dylib_entry_point -o /Users/runner/work/AegisFlow/AegisFlow/build/DerivedData/Build/Products/Debug-iphonesimulator/AegisFlow.app/AegisFlow.debug.dylib

ConstructStubExecutorLinkFileList /Users/runner/work/AegisFlow/AegisFlow/build/DerivedData/Build/Intermediates/AegisFlow.build/Debug-iphonesimulator/AegisFlow.build/AegisFlow-ExecutorLinkFileList-normal-arm64.txt (in target 'AegisFlow' from project 'AegisFlow')
    cd /Users/runner/work/AegisFlow/AegisFlow
    construct-stub-executor-link-file-list /Users/runner/work/AegisFlow/AegisFlow/build/DerivedData/Build/Products/Debug-iphonesimulator/AegisFlow.app/AegisFlow.debug.dylib /Applications/Xcode_16.4.app/Contents/Developer/Platforms/iPhoneSimulator.platform/Developer/usr/lib/libPreviewsJITStubExecutor_no_swift_entry_point.a /Applications/Xcode_16.4.app/Contents/Developer/Platforms/iPhoneSimulator.platform/Developer/usr/lib/libPreviewsJITStubExecutor.a --output /Users/runner/work/AegisFlow/AegisFlow/build/DerivedData/Build/Intermediates/AegisFlow.build/Debug-iphonesimulator/AegisFlow.build/AegisFlow-ExecutorLinkFileList-normal-arm64.txt
note: Using stub executor library with Swift entry point. (in target 'AegisFlow' from project 'AegisFlow')

Ld /Users/runner/work/AegisFlow/AegisFlow/build/DerivedData/Build/Products/Debug-iphonesimulator/AegisFlow.app/AegisFlow normal (in target 'AegisFlow' from project 'AegisFlow')
    cd /Users/runner/work/AegisFlow/AegisFlow
    /Applications/Xcode_16.4.app/Contents/Developer/Toolchains/XcodeDefault.xctoolchain/usr/bin/clang -Xlinker -reproducible -target arm64-apple-ios17.0-simulator -isysroot /Applications/Xcode_16.4.app/Contents/Developer/Platforms/iPhoneSimulator.platform/Developer/SDKs/iPhoneSimulator18.5.sdk -O0 -L/Users/runner/work/AegisFlow/AegisFlow/build/DerivedData/Build/Products/Debug-iphonesimulator -F/Users/runner/work/AegisFlow/AegisFlow/build/DerivedData/Build/Products/Debug-iphonesimulator -Xlinker -rpath -Xlinker @executable_path -Xlinker -rpath -Xlinker @executable_path/Frameworks -rdynamic -Xlinker -no_deduplicate -Xlinker -objc_abi_version -Xlinker 2 -e ___debug_blank_executor_main -Xlinker -sectcreate -Xlinker __TEXT -Xlinker __debug_dylib -Xlinker /Users/runner/work/AegisFlow/AegisFlow/build/DerivedData/Build/Intermediates/AegisFlow.build/Debug-iphonesimulator/AegisFlow.build/AegisFlow-DebugDylibPath-normal-arm64.txt -Xlinker -sectcreate -Xlinker __TEXT -Xlinker __debug_instlnm -Xlinker /Users/runner/work/AegisFlow/AegisFlow/build/DerivedData/Build/Intermediates/AegisFlow.build/Debug-iphonesimulator/AegisFlow.build/AegisFlow-DebugDylibInstallName-normal-arm64.txt -Xlinker -filelist -Xlinker /Users/runner/work/AegisFlow/AegisFlow/build/DerivedData/Build/Intermediates/AegisFlow.build/Debug-iphonesimulator/AegisFlow.build/AegisFlow-ExecutorLinkFileList-normal-arm64.txt /Users/runner/work/AegisFlow/AegisFlow/build/DerivedData/Build/Products/Debug-iphonesimulator/AegisFlow.app/AegisFlow.debug.dylib -o /Users/runner/work/AegisFlow/AegisFlow/build/DerivedData/Build/Products/Debug-iphonesimulator/AegisFlow.app/AegisFlow

ExtractAppIntentsMetadata (in target 'AegisFlow' from project 'AegisFlow')
    cd /Users/runner/work/AegisFlow/AegisFlow
    /Applications/Xcode_16.4.app/Contents/Developer/Toolchains/XcodeDefault.xctoolchain/usr/bin/appintentsmetadataprocessor --toolchain-dir /Applications/Xcode_16.4.app/Contents/Developer/Toolchains/XcodeDefault.xctoolchain --module-name AegisFlow --sdk-root /Applications/Xcode_16.4.app/Contents/Developer/Platforms/iPhoneSimulator.platform/Developer/SDKs/iPhoneSimulator18.5.sdk --xcode-version 16F6 --platform-family iOS --deployment-target 17.0 --bundle-identifier com.test.iOS-profile --output /Users/runner/work/AegisFlow/AegisFlow/build/DerivedData/Build/Products/Debug-iphonesimulator/AegisFlow.app --target-triple arm64-apple-ios17.0-simulator --binary-file /Users/runner/work/AegisFlow/AegisFlow/build/DerivedData/Build/Products/Debug-iphonesimulator/AegisFlow.app/AegisFlow --dependency-file /Users/runner/work/AegisFlow/AegisFlow/build/DerivedData/Build/Intermediates/AegisFlow.build/Debug-iphonesimulator/AegisFlow.build/Objects-normal/arm64/AegisFlow_dependency_info.dat --stringsdata-file /Users/runner/work/AegisFlow/AegisFlow/build/DerivedData/Build/Intermediates/AegisFlow.build/Debug-iphonesimulator/AegisFlow.build/Objects-normal/arm64/ExtractedAppShortcutsMetadata.stringsdata --source-file-list /Users/runner/work/AegisFlow/AegisFlow/build/DerivedData/Build/Intermediates/AegisFlow.build/Debug-iphonesimulator/AegisFlow.build/Objects-normal/arm64/AegisFlow.SwiftFileList --metadata-file-list /Users/runner/work/AegisFlow/AegisFlow/build/DerivedData/Build/Intermediates/AegisFlow.build/Debug-iphonesimulator/AegisFlow.build/AegisFlow.DependencyMetadataFileList --static-metadata-file-list /Users/runner/work/AegisFlow/AegisFlow/build/DerivedData/Build/Intermediates/AegisFlow.build/Debug-iphonesimulator/AegisFlow.build/AegisFlow.DependencyStaticMetadataFileList --swift-const-vals-list /Users/runner/work/AegisFlow/AegisFlow/build/DerivedData/Build/Intermediates/AegisFlow.build/Debug-iphonesimulator/AegisFlow.build/Objects-normal/arm64/AegisFlow.SwiftConstValuesFileList --compile-time-extraction --deployment-aware-processing --validate-assistant-intents --no-app-shortcuts-localization
2026-10-07 08:10:15.100 appintentsmetadataprocessor[6049:20743] Starting appintentsmetadataprocessor export
2026-10-07 08:10:15.109 appintentsmetadataprocessor[6049:20743] warning: Metadata extraction skipped. No AppIntents.framework dependency found.

CopySwiftLibs /Users/runner/work/AegisFlow/AegisFlow/build/DerivedData/Build/Products/Debug-iphonesimulator/AegisFlow.app (in target 'AegisFlow' from project 'AegisFlow')
    cd /Users/runner/work/AegisFlow/AegisFlow
    builtin-swiftStdLibTool --copy --verbose --scan-executable /Users/runner/work/AegisFlow/AegisFlow/build/DerivedData/Build/Products/Debug-iphonesimulator/AegisFlow.app/AegisFlow.debug.dylib --scan-folder /Users/runner/work/AegisFlow/AegisFlow/build/DerivedData/Build/Products/Debug-iphonesimulator/AegisFlow.app/Frameworks --scan-folder /Users/runner/work/AegisFlow/AegisFlow/build/DerivedData/Build/Products/Debug-iphonesimulator/AegisFlow.app/PlugIns --scan-folder /Users/runner/work/AegisFlow/AegisFlow/build/DerivedData/Build/Products/Debug-iphonesimulator/AegisFlow.app/SystemExtensions --scan-folder /Users/runner/work/AegisFlow/AegisFlow/build/DerivedData/Build/Products/Debug-iphonesimulator/AegisFlow.app/Extensions --platform iphonesimulator --toolchain /Applications/Xcode_16.4.app/Contents/Developer/Toolchains/XcodeDefault.xctoolchain --destination /Users/runner/work/AegisFlow/AegisFlow/build/DerivedData/Build/Products/Debug-iphonesimulator/AegisFlow.app/Frameworks --strip-bitcode --strip-bitcode-tool /Applications/Xcode_16.4.app/Contents/Developer/Toolchains/XcodeDefault.xctoolchain/usr/bin/bitcode_strip --emit-dependency-info /Users/runner/work/AegisFlow/AegisFlow/build/DerivedData/Build/Intermediates/AegisFlow.build/Debug-iphonesimulator/AegisFlow.build/SwiftStdLibToolInputDependencies.dep --filter-for-swift-os
Ignoring --strip-bitcode because --sign was not passed

AppIntentsSSUTraining (in target 'AegisFlow' from project 'AegisFlow')
    cd /Users/runner/work/AegisFlow/AegisFlow
    /Applications/Xcode_16.4.app/Contents/Developer/Toolchains/XcodeDefault.xctoolchain/usr/bin/appintentsnltrainingprocessor --infoplist-path /Users/runner/work/AegisFlow/AegisFlow/build/DerivedData/Build/Products/Debug-iphonesimulator/AegisFlow.app/Info.plist --temp-dir-path /Users/runner/work/AegisFlow/AegisFlow/build/DerivedData/Build/Intermediates/AegisFlow.build/Debug-iphonesimulator/AegisFlow.build/ssu --bundle-id com.test.iOS-profile --product-path /Users/runner/work/AegisFlow/AegisFlow/build/DerivedData/Build/Products/Debug-iphonesimulator/AegisFlow.app --extracted-metadata-path /Users/runner/work/AegisFlow/AegisFlow/build/DerivedData/Build/Products/Debug-iphonesimulator/AegisFlow.app/Metadata.appintents --metadata-file-list /Users/runner/work/AegisFlow/AegisFlow/build/DerivedData/Build/Intermediates/AegisFlow.build/Debug-iphonesimulator/AegisFlow.build/AegisFlow.DependencyMetadataFileList --archive-ssu-assets
2026-10-07 08:10:15.157 appintentsnltrainingprocessor[6055:20758] Parsing options for appintentsnltrainingprocessor
2026-10-07 08:10:15.158 appintentsnltrainingprocessor[6055:20758] No AppShortcuts found - Skipping.

RegisterExecutionPolicyException /Users/runner/work/AegisFlow/AegisFlow/build/DerivedData/Build/Products/Debug-iphonesimulator/AegisFlow.app (in target 'AegisFlow' from project 'AegisFlow')
    cd /Users/runner/work/AegisFlow/AegisFlow
    builtin-RegisterExecutionPolicyException /Users/runner/work/AegisFlow/AegisFlow/build/DerivedData/Build/Products/Debug-iphonesimulator/AegisFlow.app

Validate /Users/runner/work/AegisFlow/AegisFlow/build/DerivedData/Build/Products/Debug-iphonesimulator/AegisFlow.app (in target 'AegisFlow' from project 'AegisFlow')
    cd /Users/runner/work/AegisFlow/AegisFlow
    builtin-validationUtility /Users/runner/work/AegisFlow/AegisFlow/build/DerivedData/Build/Products/Debug-iphonesimulator/AegisFlow.app -infoplist-subpath Info.plist

Touch /Users/runner/work/AegisFlow/AegisFlow/build/DerivedData/Build/Products/Debug-iphonesimulator/AegisFlow.app (in target 'AegisFlow' from project 'AegisFlow')
    cd /Users/runner/work/AegisFlow/AegisFlow
    /usr/bin/touch -c /Users/runner/work/AegisFlow/AegisFlow/build/DerivedData/Build/Products/Debug-iphonesimulator/AegisFlow.app

** BUILD SUCCEEDED **

